T5838 000:004.062   SEGGER J-Link V9.64 Log File
T5838 000:004.305   DLL Compiled: Jul 29 2026 13:53:00
T5838 000:004.318   Logging started @ 2026-09-21 01:51
T5838 000:004.329   Process: C:\Users\Makoto\.eclipse\com.renesas.platform_360713257\DebugComp\RA\e2-server-gdb.exe
T5838 000:004.348 - 4.339ms 
T5838 000:004.377 JLINK_GetDLLVersion()
T5838 000:004.392 - 0.014ms returns 96400
T5838 000:189.927 JLINK_OpenEx(...)
T5838 000:228.351   Firmware: J-Link OB-RA4M2 compiled May  6 2026 16:18:23
T5838 000:229.625   Firmware: J-Link OB-RA4M2 compiled May  6 2026 16:18:23
T5838 000:264.400   Hardware: V1.00
T5838 000:264.440   S/N: 1087266374
T5838 000:264.456   OEM: SEGGER
T5838 000:264.491   Feature(s): None
T5838 000:265.357   Bootloader: 2021 May 14
T5838 000:265.894   USB speed mode: Full speed (12 MBit/s)
T5838 000:269.242   TELNET listener socket opened on port 19021
T5838 000:269.631   WEBSRV WEBSRV_Init(): Starting webserver thread(s)
T5838 000:269.906   WEBSRV Webserver running on local port 19080
T5838 000:270.162   Looking for J-Link GUI Server exe at: C:\Users\Makoto\.eclipse\com.renesas.platform_360713257\DebugComp\RA\ARM\Segger_v9.64.0\JLinkGUIServer.exe
T5838 000:270.617   Looking for J-Link GUI Server exe at: \JLinkGUIServer.exe
T5838 000:577.181   Failed to connect to J-Link GUI Server.
T5838 000:577.265 - 387.317ms returns "O.K."
T5838 000:577.601 JLINK_TIF_Select(JLINKARM_TIF_SWD)
T5838 000:578.650 - 1.048ms returns 0x00
T5838 000:578.707 JLINK_ClrRESET()
T5838 000:579.150 - 0.442ms 
T5838 000:633.359 JLINK_SetSpeed(1500)
T5838 000:633.576 - 0.232ms 
T5838 000:633.648 JLINK_CORESIGHT_Configure(PerformTIFInit=0)
T5838 000:634.170 - 0.541ms returns 0
T5838 000:634.256 JLINK_CORESIGHT_ReadAPDPReg(DP reg 0x00)
T5838 000:634.861   Value=0x6BA02477
T5838 000:634.909 - 0.670ms returns 0
T5838 000:634.932 JLINK_CORESIGHT_WriteAPDPReg(DP reg 0x00, 0x0000001F)
T5838 000:635.263 - 0.329ms returns 0
T5838 000:635.300 JLINK_CORESIGHT_ReadAPDPReg(DP reg 0x00)
T5838 000:637.253   Value=0x6BA02477
T5838 000:637.311 - 2.011ms returns 0
T5838 000:637.329 JLINK_CORESIGHT_WriteAPDPReg(DP reg 0x02, 0x00000000)
T5838 000:637.598 - 0.268ms returns 0
T5838 000:637.633 JLINK_CORESIGHT_WriteAPDPReg(DP reg 0x01, 0x50000000)
T5838 000:637.999 - 0.365ms returns 0
T5838 000:638.910 JLINK_CORESIGHT_ReadAPDPReg(DP reg 0x01)
T5838 000:639.319   Value=0xF0000000
T5838 000:639.351 - 0.441ms returns 0
T5838 000:639.371 JLINK_CORESIGHT_WriteAPDPReg(DP reg 0x00, 0x0000001F)
T5838 000:639.669 - 0.298ms returns 0
T5838 000:639.702 JLINK_CORESIGHT_ReadAPDPReg(DP reg 0x00)
T5838 000:639.973   Value=0x6BA02477
T5838 000:640.024 - 0.322ms returns 0
T5838 000:640.048 JLINK_CORESIGHT_WriteAPDPReg(DP reg 0x01, 0x54000000)
T5838 000:640.369 - 0.320ms returns 0
T5838 000:640.410 JLINK_CORESIGHT_WriteAPDPReg(DP reg 0x01, 0x50000F00)
T5838 000:640.712 - 0.301ms returns 0
T5838 000:640.752 JLINK_CORESIGHT_WriteAPDPReg(DP reg 0x02, 0x01000000)
T5838 000:641.116 - 0.363ms returns 0
T5838 000:641.172 JLINK_CORESIGHT_WriteAPDPReg(AP reg 0x00, 0x80000002)
T5838 000:641.534 - 0.361ms returns 0
T5838 000:641.587 JLINK_CORESIGHT_WriteAPDPReg(AP reg 0x01, 0x80011100)
T5838 000:641.939 - 0.352ms returns 0
T5838 000:641.972 JLINK_CORESIGHT_WriteAPDPReg(AP reg 0x03, 0x000000A5)
T5838 000:642.324 - 0.351ms returns 0
T5838 000:642.356 JLINK_CORESIGHT_WriteAPDPReg(AP reg 0x00, 0x80000002)
T5838 000:642.689 - 0.332ms returns 0
T5838 000:642.751 JLINK_CORESIGHT_WriteAPDPReg(AP reg 0x01, 0x80011100)
T5838 000:643.098 - 0.347ms returns 0
T5838 000:643.130 JLINK_CORESIGHT_ReadAPDPReg(AP reg 0x03)
T5838 000:643.526   Value=0x000000A5
T5838 000:643.557 - 0.427ms returns 0
T5838 000:643.594 JLINK_ClrTMS()
T5838 000:643.709 - 0.123ms 
T5838 000:649.696 JLINK_SetTCK()
T5838 000:649.926 - 0.229ms returns 0
T5838 000:655.759 JLINK_SetRESET()
T5838 000:656.014 - 0.253ms 
T5838 000:856.591 JLINK_CORESIGHT_WriteAPDPReg(AP reg 0x00, 0x80000002)
T5838 000:856.989 - 0.398ms returns 0
T5838 000:857.041 JLINK_CORESIGHT_WriteAPDPReg(AP reg 0x01, 0x80011100)
T5838 000:857.469 - 0.427ms returns 0
T5838 000:857.524 JLINK_CORESIGHT_ReadAPDPReg(AP reg 0x03)
T5838 000:857.975   Value=0x00000000
T5838 000:858.038 - 0.514ms returns 0
T5838 000:858.067 JLINK_CORESIGHT_WriteAPDPReg(AP reg 0x00, 0x80000002)
T5838 000:858.396 - 0.328ms returns 0
T5838 000:858.448 JLINK_CORESIGHT_WriteAPDPReg(AP reg 0x01, 0x80011140)
T5838 000:858.834 - 0.385ms returns 0
T5838 000:858.888 JLINK_CORESIGHT_ReadAPDPReg(AP reg 0x03)
T5838 000:859.360   Value=0x00000002
T5838 000:859.412 - 0.524ms returns 0
T5838 000:859.442 JLINK_CORESIGHT_WriteAPDPReg(AP reg 0x00, 0x80000002)
T5838 000:859.815 - 0.372ms returns 0
T5838 000:859.865 JLINK_CORESIGHT_WriteAPDPReg(AP reg 0x01, 0x80011120)
T5838 000:860.355 - 0.488ms returns 0
T5838 000:860.419 JLINK_CORESIGHT_WriteAPDPReg(AP reg 0x03, 0x00000055)
T5838 000:860.857 - 0.437ms returns 0
T5838 000:860.912 JLINK_CORESIGHT_WriteAPDPReg(AP reg 0x00, 0x80000002)
T5838 000:861.261 - 0.348ms returns 0
T5838 000:861.314 JLINK_CORESIGHT_WriteAPDPReg(AP reg 0x01, 0x80011140)
T5838 000:861.643 - 0.329ms returns 0
T5838 000:861.695 JLINK_CORESIGHT_ReadAPDPReg(AP reg 0x03)
T5838 000:862.088   Value=0x00000002
T5838 000:862.137 - 0.442ms returns 0
T5838 000:862.165 JLINK_CORESIGHT_ReadAPDPReg(AP reg 0x03)
T5838 000:862.618   Value=0x00000002
T5838 000:862.667 - 0.502ms returns 0
T5838 000:862.694 JLINK_CORESIGHT_ReadAPDPReg(AP reg 0x03)
T5838 000:863.115   Value=0x00000002
T5838 000:863.167 - 0.473ms returns 0
T5838 000:863.196 JLINK_CORESIGHT_ReadAPDPReg(AP reg 0x03)
T5838 000:863.607   Value=0x00000002
T5838 000:863.658 - 0.461ms returns 0
T5838 000:863.686 JLINK_CORESIGHT_ReadAPDPReg(AP reg 0x03)
T5838 000:864.094   Value=0x00000002
T5838 000:864.144 - 0.457ms returns 0
T5838 000:864.172 JLINK_CORESIGHT_ReadAPDPReg(AP reg 0x03)
T5838 000:864.718   Value=0x00000002
T5838 000:864.769 - 0.596ms returns 0
T5838 000:864.830 JLINK_CORESIGHT_ReadAPDPReg(AP reg 0x03)
T5838 000:865.185   Value=0x00000002
T5838 000:865.233 - 0.403ms returns 0
T5838 000:865.346 JLINK_CORESIGHT_ReadAPDPReg(AP reg 0x03)
T5838 000:865.723   Value=0x00000002
T5838 000:865.784 - 0.438ms returns 0
T5838 000:865.821 JLINK_CORESIGHT_ReadAPDPReg(AP reg 0x03)
T5838 000:866.151   Value=0x00000002
T5838 000:866.236 - 0.414ms returns 0
T5838 000:866.282 JLINK_CORESIGHT_ReadAPDPReg(AP reg 0x03)
T5838 000:866.633   Value=0x00000002
T5838 000:866.677 - 0.394ms returns 0
T5838 000:866.730 JLINK_CORESIGHT_ReadAPDPReg(AP reg 0x03)
T5838 000:867.049   Value=0x00000002
T5838 000:867.100 - 0.370ms returns 0
T5838 000:867.151 JLINK_CORESIGHT_ReadAPDPReg(AP reg 0x03)
T5838 000:867.492   Value=0x00000002
T5838 000:867.535 - 0.384ms returns 0
T5838 000:867.579 JLINK_CORESIGHT_ReadAPDPReg(AP reg 0x03)
T5838 000:867.887   Value=0x00000002
T5838 000:867.920 - 0.341ms returns 0
T5838 000:867.957 JLINK_CORESIGHT_ReadAPDPReg(AP reg 0x03)
T5838 000:868.276   Value=0x00000002
T5838 000:868.324 - 0.366ms returns 0
T5838 000:868.375 JLINK_CORESIGHT_ReadAPDPReg(AP reg 0x03)
T5838 000:868.724   Value=0x00000002
T5838 000:868.776 - 0.401ms returns 0
T5838 000:870.527 JLINK_CORESIGHT_ReadAPDPReg(AP reg 0x03)
T5838 000:870.990   Value=0x00000002
T5838 000:871.040 - 0.513ms returns 0
T5838 000:871.068 JLINK_CORESIGHT_ReadAPDPReg(AP reg 0x03)
T5838 000:871.440   Value=0x00000002
T5838 000:871.491 - 0.422ms returns 0
T5838 000:871.518 JLINK_CORESIGHT_ReadAPDPReg(AP reg 0x03)
T5838 000:871.942   Value=0x00000002
T5838 000:871.993 - 0.474ms returns 0
T5838 000:872.023 JLINK_CORESIGHT_ReadAPDPReg(AP reg 0x03)
T5838 000:872.399   Value=0x00000000
T5838 000:872.438 - 0.415ms returns 0
T5838 000:872.462 JLINK_CORESIGHT_WriteAPDPReg(AP reg 0x00, 0x80000002)
T5838 000:872.750 - 0.287ms returns 0
T5838 000:872.790 JLINK_CORESIGHT_WriteAPDPReg(AP reg 0x01, 0x80011130)
T5838 000:873.148 - 0.357ms returns 0
T5838 000:873.205 JLINK_CORESIGHT_ReadAPDPReg(AP reg 0x03)
T5838 000:873.570   Value=0x000000C6
T5838 000:873.610 - 0.404ms returns 0
T5838 000:873.643 JLINK_CORESIGHT_WriteAPDPReg(AP reg 0x00, 0x80000002)
T5838 000:873.896 - 0.253ms returns 0
T5838 000:873.946 JLINK_CORESIGHT_WriteAPDPReg(AP reg 0x01, 0x80011140)
T5838 000:874.242 - 0.295ms returns 0
T5838 000:874.293 JLINK_CORESIGHT_ReadAPDPReg(AP reg 0x03)
T5838 000:874.683   Value=0x00000002
T5838 000:874.733 - 0.440ms returns 0
T5838 000:874.762 JLINK_CORESIGHT_WriteAPDPReg(AP reg 0x00, 0x80000002)
T5838 000:875.126 - 0.364ms returns 0
T5838 000:875.168 JLINK_CORESIGHT_WriteAPDPReg(AP reg 0x01, 0x80011120)
T5838 000:875.501 - 0.332ms returns 0
T5838 000:875.542 JLINK_CORESIGHT_WriteAPDPReg(AP reg 0x03, 0x3A010001)
T5838 000:875.899 - 0.357ms returns 0
T5838 000:875.939 JLINK_CORESIGHT_WriteAPDPReg(AP reg 0x00, 0x80000002)
T5838 000:876.310 - 0.370ms returns 0
T5838 000:876.350 JLINK_CORESIGHT_WriteAPDPReg(AP reg 0x01, 0x80011140)
T5838 000:876.637 - 0.286ms returns 0
T5838 000:876.672 JLINK_CORESIGHT_ReadAPDPReg(AP reg 0x03)
T5838 000:877.044   Value=0x00000002
T5838 000:877.076 - 0.403ms returns 0
T5838 000:877.094 JLINK_CORESIGHT_WriteAPDPReg(AP reg 0x00, 0x80000002)
T5838 000:877.341 - 0.246ms returns 0
T5838 000:877.373 JLINK_CORESIGHT_WriteAPDPReg(AP reg 0x01, 0x80011120)
T5838 000:877.691 - 0.317ms returns 0
T5838 000:877.726 JLINK_CORESIGHT_WriteAPDPReg(AP reg 0x03, 0x000003C5)
T5838 000:878.027 - 0.301ms returns 0
T5838 000:878.060 JLINK_CORESIGHT_WriteAPDPReg(AP reg 0x00, 0x80000002)
T5838 000:878.389 - 0.328ms returns 0
T5838 000:878.429 JLINK_CORESIGHT_WriteAPDPReg(AP reg 0x01, 0x80011140)
T5838 000:878.771 - 0.342ms returns 0
T5838 000:878.805 JLINK_CORESIGHT_ReadAPDPReg(AP reg 0x03)
T5838 000:879.163   Value=0x00000002
T5838 000:879.196 - 0.390ms returns 0
T5838 000:879.214 JLINK_CORESIGHT_ReadAPDPReg(AP reg 0x03)
T5838 000:879.596   Value=0x00000000
T5838 000:879.639 - 0.424ms returns 0
T5838 000:879.663 JLINK_CORESIGHT_WriteAPDPReg(AP reg 0x00, 0x80000002)
T5838 000:880.022 - 0.359ms returns 0
T5838 000:880.055 JLINK_CORESIGHT_WriteAPDPReg(AP reg 0x01, 0x80011130)
T5838 000:880.385 - 0.330ms returns 0
T5838 000:880.418 JLINK_CORESIGHT_ReadAPDPReg(AP reg 0x03)
T5838 000:880.767   Value=0x3A2A0081
T5838 000:880.801 - 0.383ms returns 0
T5838 000:880.819 JLINK_CORESIGHT_WriteAPDPReg(AP reg 0x00, 0x80000002)
T5838 000:881.137 - 0.317ms returns 0
T5838 000:881.184 JLINK_CORESIGHT_WriteAPDPReg(AP reg 0x01, 0x80011140)
T5838 000:881.450 - 0.266ms returns 0
T5838 000:881.478 JLINK_CORESIGHT_ReadAPDPReg(AP reg 0x03)
T5838 000:881.800   Value=0x00000000
T5838 000:881.827 - 0.349ms returns 0
T5838 000:881.842 JLINK_CORESIGHT_WriteAPDPReg(AP reg 0x00, 0x80000002)
T5838 000:882.139 - 0.296ms returns 0
T5838 000:882.172 JLINK_CORESIGHT_WriteAPDPReg(AP reg 0x01, 0x80011130)
T5838 000:882.433 - 0.260ms returns 0
T5838 000:882.485 JLINK_CORESIGHT_ReadAPDPReg(AP reg 0x03)
T5838 000:882.823   Value=0x808D5B00
T5838 000:882.849 - 0.364ms returns 0
T5838 000:882.865 JLINK_CORESIGHT_WriteAPDPReg(AP reg 0x00, 0x80000002)
T5838 000:883.125 - 0.260ms returns 0
T5838 000:883.153 JLINK_CORESIGHT_WriteAPDPReg(AP reg 0x01, 0x80011140)
T5838 000:883.420 - 0.266ms returns 0
T5838 000:883.448 JLINK_CORESIGHT_ReadAPDPReg(AP reg 0x03)
T5838 000:883.804   Value=0x00000000
T5838 000:883.838 - 0.389ms returns 0
T5838 000:883.859 JLINK_CORESIGHT_WriteAPDPReg(AP reg 0x00, 0x80000002)
T5838 000:884.110 - 0.250ms returns 0
T5838 000:884.146 JLINK_CORESIGHT_WriteAPDPReg(AP reg 0x01, 0x80011130)
T5838 000:884.382 - 0.236ms returns 0
T5838 000:884.414 JLINK_CORESIGHT_ReadAPDPReg(AP reg 0x03)
T5838 000:884.736   Value=0x0406070A
T5838 000:884.770 - 0.356ms returns 0
T5838 000:884.793 JLINK_CORESIGHT_WriteAPDPReg(AP reg 0x00, 0x80000002)
T5838 000:885.111 - 0.317ms returns 0
T5838 000:885.146 JLINK_CORESIGHT_WriteAPDPReg(AP reg 0x01, 0x80011140)
T5838 000:885.587 - 0.440ms returns 0
T5838 000:885.615 JLINK_CORESIGHT_ReadAPDPReg(AP reg 0x03)
T5838 000:886.055   Value=0x00000000
T5838 000:886.111 - 0.495ms returns 0
T5838 000:886.127 JLINK_CORESIGHT_WriteAPDPReg(AP reg 0x00, 0x80000002)
T5838 000:886.473 - 0.345ms returns 0
T5838 000:886.504 JLINK_CORESIGHT_WriteAPDPReg(AP reg 0x01, 0x80011130)
T5838 000:886.840 - 0.335ms returns 0
T5838 000:886.867 JLINK_CORESIGHT_ReadAPDPReg(AP reg 0x03)
T5838 000:887.268   Value=0x3254540B
T5838 000:887.328 - 0.461ms returns 0
T5838 000:887.356 JLINK_CORESIGHT_WriteAPDPReg(AP reg 0x00, 0x80000002)
T5838 000:887.662 - 0.305ms returns 0
T5838 000:887.686 JLINK_CORESIGHT_WriteAPDPReg(AP reg 0x01, 0x80011140)
T5838 000:887.981 - 0.295ms returns 0
T5838 000:888.006 JLINK_CORESIGHT_ReadAPDPReg(AP reg 0x03)
T5838 000:888.359   Value=0x00000000
T5838 000:888.383 - 0.376ms returns 0
T5838 000:888.396 JLINK_CORESIGHT_WriteAPDPReg(AP reg 0x00, 0x80000002)
T5838 000:889.763 - 1.367ms returns 0
T5838 000:889.793 JLINK_CORESIGHT_WriteAPDPReg(AP reg 0x01, 0x80011130)
T5838 000:890.105 - 0.311ms returns 0
T5838 000:890.158 JLINK_CORESIGHT_ReadAPDPReg(AP reg 0x03)
T5838 000:890.609   Value=0x5443AC59
T5838 000:890.632 - 0.473ms returns 0
T5838 000:890.646 JLINK_CORESIGHT_WriteAPDPReg(AP reg 0x00, 0x80000002)
T5838 000:890.946 - 0.300ms returns 0
T5838 000:890.970 JLINK_CORESIGHT_WriteAPDPReg(AP reg 0x01, 0x80011140)
T5838 000:891.405 - 0.433ms returns 0
T5838 000:891.469 JLINK_CORESIGHT_ReadAPDPReg(AP reg 0x03)
T5838 000:891.831   Value=0x00000000
T5838 000:891.854 - 0.385ms returns 0
T5838 000:891.868 JLINK_CORESIGHT_WriteAPDPReg(AP reg 0x00, 0x80000002)
T5838 000:892.166 - 0.298ms returns 0
T5838 000:892.190 JLINK_CORESIGHT_WriteAPDPReg(AP reg 0x01, 0x80011130)
T5838 000:892.502 - 0.310ms returns 0
T5838 000:892.575 JLINK_CORESIGHT_ReadAPDPReg(AP reg 0x03)
T5838 000:892.935   Value=0x34325736
T5838 000:892.958 - 0.382ms returns 0
T5838 000:892.972 JLINK_CORESIGHT_WriteAPDPReg(AP reg 0x00, 0x80000002)
T5838 000:893.306 - 0.333ms returns 0
T5838 000:893.330 JLINK_CORESIGHT_WriteAPDPReg(AP reg 0x01, 0x80011140)
T5838 000:893.667 - 0.335ms returns 0
T5838 000:893.728 JLINK_CORESIGHT_ReadAPDPReg(AP reg 0x03)
T5838 000:894.087   Value=0x00000000
T5838 000:894.111 - 0.383ms returns 0
T5838 000:894.125 JLINK_CORESIGHT_WriteAPDPReg(AP reg 0x00, 0x80000002)
T5838 000:894.404 - 0.278ms returns 0
T5838 000:894.428 JLINK_CORESIGHT_WriteAPDPReg(AP reg 0x01, 0x80011130)
T5838 000:894.676 - 0.247ms returns 0
T5838 000:894.700 JLINK_CORESIGHT_ReadAPDPReg(AP reg 0x03)
T5838 000:895.056   Value=0x920A2D30
T5838 000:895.080 - 0.380ms returns 0
T5838 000:895.093 JLINK_CORESIGHT_WriteAPDPReg(AP reg 0x00, 0x80000002)
T5838 000:895.402 - 0.308ms returns 0
T5838 000:895.427 JLINK_CORESIGHT_WriteAPDPReg(AP reg 0x01, 0x80011140)
T5838 000:895.732 - 0.305ms returns 0
T5838 000:895.756 JLINK_CORESIGHT_ReadAPDPReg(AP reg 0x03)
T5838 000:896.093   Value=0x00000000
T5838 000:896.116 - 0.359ms returns 0
T5838 000:896.143 JLINK_CORESIGHT_WriteAPDPReg(AP reg 0x00, 0x80000002)
T5838 000:896.494 - 0.351ms returns 0
T5838 000:896.527 JLINK_CORESIGHT_WriteAPDPReg(AP reg 0x01, 0x80011130)
T5838 000:896.761 - 0.234ms returns 0
T5838 000:896.793 JLINK_CORESIGHT_ReadAPDPReg(AP reg 0x03)
T5838 000:897.126   Value=0x4B37526E
T5838 000:897.144 - 0.350ms returns 0
T5838 000:897.159 JLINK_CORESIGHT_WriteAPDPReg(AP reg 0x00, 0x80000002)
T5838 000:897.397 - 0.237ms returns 0
T5838 000:897.430 JLINK_CORESIGHT_WriteAPDPReg(AP reg 0x01, 0x80011140)
T5838 000:897.703 - 0.274ms returns 0
T5838 000:897.727 JLINK_CORESIGHT_ReadAPDPReg(AP reg 0x03)
T5838 000:898.020   Value=0x00000000
T5838 000:898.037 - 0.310ms returns 0
T5838 000:898.073 JLINK_CORESIGHT_WriteAPDPReg(AP reg 0x00, 0x80000002)
T5838 000:898.283 - 0.210ms returns 0
T5838 000:898.308 JLINK_CORESIGHT_WriteAPDPReg(AP reg 0x01, 0x80011130)
T5838 000:898.528 - 0.219ms returns 0
T5838 000:898.559 JLINK_CORESIGHT_ReadAPDPReg(AP reg 0x03)
T5838 000:898.914   Value=0x31503841
T5838 000:898.947 - 0.387ms returns 0
T5838 000:898.980 JLINK_CORESIGHT_WriteAPDPReg(AP reg 0x00, 0x80000002)
T5838 000:899.255 - 0.276ms returns 0
T5838 000:899.279 JLINK_CORESIGHT_WriteAPDPReg(AP reg 0x01, 0x80011140)
T5838 000:899.550 - 0.270ms returns 0
T5838 000:899.575 JLINK_CORESIGHT_ReadAPDPReg(AP reg 0x03)
T5838 000:899.809   Value=0x00000000
T5838 000:899.824 - 0.248ms returns 0
T5838 000:899.839 JLINK_CORESIGHT_WriteAPDPReg(AP reg 0x00, 0x80000002)
T5838 000:900.101 - 0.262ms returns 0
T5838 000:900.134 JLINK_CORESIGHT_WriteAPDPReg(AP reg 0x01, 0x80011130)
T5838 000:900.378 - 0.244ms returns 0
T5838 000:900.407 JLINK_CORESIGHT_ReadAPDPReg(AP reg 0x03)
T5838 000:900.708   Value=0x434C464B
T5838 000:900.730 - 0.322ms returns 0
T5838 000:900.752 JLINK_CORESIGHT_WriteAPDPReg(AP reg 0x00, 0x80000002)
T5838 000:901.083 - 0.331ms returns 0
T5838 000:901.108 JLINK_CORESIGHT_WriteAPDPReg(AP reg 0x01, 0x80011140)
T5838 000:901.341 - 0.232ms returns 0
T5838 000:901.369 JLINK_CORESIGHT_ReadAPDPReg(AP reg 0x03)
T5838 000:901.661   Value=0x00000000
T5838 000:901.682 - 0.312ms returns 0
T5838 000:901.700 JLINK_CORESIGHT_WriteAPDPReg(AP reg 0x00, 0x80000002)
T5838 000:901.927 - 0.226ms returns 0
T5838 000:901.985 JLINK_CORESIGHT_WriteAPDPReg(AP reg 0x01, 0x80011130)
T5838 000:902.254 - 0.269ms returns 0
T5838 000:902.278 JLINK_CORESIGHT_ReadAPDPReg(AP reg 0x03)
T5838 000:902.564   Value=0x20204341
T5838 000:902.578 - 0.300ms returns 0
T5838 000:902.592 JLINK_CORESIGHT_WriteAPDPReg(AP reg 0x00, 0x80000002)
T5838 000:902.894 - 0.301ms returns 0
T5838 000:902.977 JLINK_CORESIGHT_WriteAPDPReg(AP reg 0x01, 0x80011140)
T5838 000:903.242 - 0.266ms returns 0
T5838 000:903.266 JLINK_CORESIGHT_ReadAPDPReg(AP reg 0x03)
T5838 000:903.598   Value=0x00000000
T5838 000:903.616 - 0.349ms returns 0
T5838 000:903.645 JLINK_CORESIGHT_WriteAPDPReg(AP reg 0x00, 0x80000002)
T5838 000:903.952 - 0.306ms returns 0
T5838 000:903.980 JLINK_CORESIGHT_WriteAPDPReg(AP reg 0x01, 0x80011130)
T5838 000:904.302 - 0.321ms returns 0
T5838 000:904.329 JLINK_CORESIGHT_ReadAPDPReg(AP reg 0x03)
T5838 000:904.630   Value=0x00036C20
T5838 000:904.648 - 0.318ms returns 0
T5838 000:905.126 JLINK_CORESIGHT_WriteAPDPReg(AP reg 0x00, 0x80000002)
T5838 000:905.364 - 0.237ms returns 0
T5838 000:905.397 JLINK_CORESIGHT_WriteAPDPReg(AP reg 0x01, 0x80011140)
T5838 000:905.692 - 0.295ms returns 0
T5838 000:905.714 JLINK_CORESIGHT_ReadAPDPReg(AP reg 0x03)
T5838 000:906.030   Value=0x00000002
T5838 000:906.071 - 0.356ms returns 0
T5838 000:906.097 JLINK_CORESIGHT_WriteAPDPReg(AP reg 0x00, 0x80000002)
T5838 000:906.392 - 0.295ms returns 0
T5838 000:906.408 JLINK_CORESIGHT_WriteAPDPReg(AP reg 0x01, 0x80011120)
T5838 000:906.677 - 0.269ms returns 0
T5838 000:906.693 JLINK_CORESIGHT_WriteAPDPReg(AP reg 0x03, 0x52020001)
T5838 000:906.942 - 0.249ms returns 0
T5838 000:906.958 JLINK_CORESIGHT_WriteAPDPReg(AP reg 0x00, 0x80000002)
T5838 000:907.310 - 0.352ms returns 0
T5838 000:907.325 JLINK_CORESIGHT_WriteAPDPReg(AP reg 0x01, 0x80011140)
T5838 000:907.540 - 0.214ms returns 0
T5838 000:907.555 JLINK_CORESIGHT_ReadAPDPReg(AP reg 0x03)
T5838 000:907.798   Value=0x00000002
T5838 000:907.816 - 0.260ms returns 0
T5838 000:907.826 JLINK_CORESIGHT_WriteAPDPReg(AP reg 0x00, 0x80000002)
T5838 000:908.055 - 0.228ms returns 0
T5838 000:908.076 JLINK_CORESIGHT_WriteAPDPReg(AP reg 0x01, 0x80011120)
T5838 000:908.349 - 0.273ms returns 0
T5838 000:908.364 JLINK_CORESIGHT_WriteAPDPReg(AP reg 0x03, 0x0003A705)
T5838 000:908.621 - 0.257ms returns 0
T5838 000:908.638 JLINK_CORESIGHT_WriteAPDPReg(AP reg 0x00, 0x80000002)
T5838 000:908.852 - 0.214ms returns 0
T5838 000:908.865 JLINK_CORESIGHT_WriteAPDPReg(AP reg 0x01, 0x80011140)
T5838 000:909.054 - 0.188ms returns 0
T5838 000:909.068 JLINK_CORESIGHT_ReadAPDPReg(AP reg 0x03)
T5838 000:909.286   Value=0x00000002
T5838 000:909.301 - 0.233ms returns 0
T5838 000:909.311 JLINK_CORESIGHT_ReadAPDPReg(AP reg 0x03)
T5838 000:909.619   Value=0x00000002
T5838 000:909.668 - 0.356ms returns 0
T5838 000:909.696 JLINK_CORESIGHT_ReadAPDPReg(AP reg 0x03)
T5838 000:910.073   Value=0x00000002
T5838 000:910.088 - 0.393ms returns 0
T5838 000:910.099 JLINK_CORESIGHT_ReadAPDPReg(AP reg 0x03)
T5838 000:910.399   Value=0x00000002
T5838 000:910.417 - 0.318ms returns 0
T5838 000:910.426 JLINK_CORESIGHT_ReadAPDPReg(AP reg 0x03)
T5838 000:910.648   Value=0x00000002
T5838 000:910.669 - 0.242ms returns 0
T5838 000:910.680 JLINK_CORESIGHT_ReadAPDPReg(AP reg 0x03)
T5838 000:910.952   Value=0x00000002
T5838 000:910.969 - 0.288ms returns 0
T5838 000:910.979 JLINK_CORESIGHT_ReadAPDPReg(AP reg 0x03)
T5838 000:911.253   Value=0x00000002
T5838 000:911.271 - 0.291ms returns 0
T5838 000:911.281 JLINK_CORESIGHT_ReadAPDPReg(AP reg 0x03)
T5838 000:911.557   Value=0x00000002
T5838 000:911.577 - 0.296ms returns 0
T5838 000:911.589 JLINK_CORESIGHT_ReadAPDPReg(AP reg 0x03)
T5838 000:911.898   Value=0x00000002
T5838 000:911.913 - 0.324ms returns 0
T5838 000:911.922 JLINK_CORESIGHT_ReadAPDPReg(AP reg 0x03)
T5838 000:912.242   Value=0x00000002
T5838 000:912.255 - 0.333ms returns 0
T5838 000:912.264 JLINK_CORESIGHT_ReadAPDPReg(AP reg 0x03)
T5838 000:912.544   Value=0x00000002
T5838 000:912.560 - 0.296ms returns 0
T5838 000:912.570 JLINK_CORESIGHT_ReadAPDPReg(AP reg 0x03)
T5838 000:912.845   Value=0x00000002
T5838 000:912.861 - 0.291ms returns 0
T5838 000:912.872 JLINK_CORESIGHT_ReadAPDPReg(AP reg 0x03)
T5838 000:913.266   Value=0x00000002
T5838 000:913.288 - 0.416ms returns 0
T5838 000:913.301 JLINK_CORESIGHT_ReadAPDPReg(AP reg 0x03)
T5838 000:913.543   Value=0x00000002
T5838 000:913.557 - 0.255ms returns 0
T5838 000:913.565 JLINK_CORESIGHT_ReadAPDPReg(AP reg 0x03)
T5838 000:913.794   Value=0x00000002
T5838 000:913.807 - 0.241ms returns 0
T5838 000:913.816 JLINK_CORESIGHT_ReadAPDPReg(AP reg 0x03)
T5838 000:914.050   Value=0x00000002
T5838 000:914.063 - 0.247ms returns 0
T5838 000:914.072 JLINK_CORESIGHT_ReadAPDPReg(AP reg 0x03)
T5838 000:914.293   Value=0x00000002
T5838 000:914.306 - 0.234ms returns 0
T5838 000:914.315 JLINK_CORESIGHT_ReadAPDPReg(AP reg 0x03)
T5838 000:914.544   Value=0x00000002
T5838 000:914.557 - 0.242ms returns 0
T5838 000:914.566 JLINK_CORESIGHT_ReadAPDPReg(AP reg 0x03)
T5838 000:914.796   Value=0x00000000
T5838 000:914.809 - 0.242ms returns 0
T5838 000:914.818 JLINK_CORESIGHT_WriteAPDPReg(AP reg 0x00, 0x80000002)
T5838 000:915.024 - 0.206ms returns 0
T5838 000:915.037 JLINK_CORESIGHT_WriteAPDPReg(AP reg 0x01, 0x80011130)
T5838 000:915.352 - 0.314ms returns 0
T5838 000:915.388 JLINK_CORESIGHT_ReadAPDPReg(AP reg 0x03)
T5838 000:915.644   Value=0x52020081
T5838 000:915.658 - 0.270ms returns 0
T5838 000:915.666 JLINK_CORESIGHT_WriteAPDPReg(AP reg 0x00, 0x80000002)
T5838 000:915.973 - 0.306ms returns 0
T5838 000:915.986 JLINK_CORESIGHT_WriteAPDPReg(AP reg 0x01, 0x80011140)
T5838 000:916.220 - 0.233ms returns 0
T5838 000:916.233 JLINK_CORESIGHT_ReadAPDPReg(AP reg 0x03)
T5838 000:916.485   Value=0x00000000
T5838 000:916.498 - 0.265ms returns 0
T5838 000:916.507 JLINK_CORESIGHT_WriteAPDPReg(AP reg 0x00, 0x80000002)
T5838 000:916.741 - 0.234ms returns 0
T5838 000:916.755 JLINK_CORESIGHT_WriteAPDPReg(AP reg 0x01, 0x80011130)
T5838 000:916.970 - 0.215ms returns 0
T5838 000:916.995 JLINK_CORESIGHT_ReadAPDPReg(AP reg 0x03)
T5838 000:917.331   Value=0x0003A507
T5838 000:917.378 - 0.383ms returns 0
T5838 000:917.393 JLINK_CORESIGHT_WriteAPDPReg(AP reg 0x00, 0x80000002)
T5838 000:917.622 - 0.229ms returns 0
T5838 000:917.672 JLINK_CORESIGHT_WriteAPDPReg(AP reg 0x01, 0x80011140)
T5838 000:917.875 - 0.203ms returns 0
T5838 000:917.905 JLINK_CORESIGHT_ReadAPDPReg(AP reg 0x03)
T5838 000:918.274   Value=0x00000002
T5838 000:918.295 - 0.389ms returns 0
T5838 000:918.307 JLINK_CORESIGHT_WriteAPDPReg(AP reg 0x00, 0x80000002)
T5838 000:918.620 - 0.312ms returns 0
T5838 000:918.640 JLINK_CORESIGHT_WriteAPDPReg(AP reg 0x01, 0x80011120)
T5838 000:918.914 - 0.273ms returns 0
T5838 000:918.935 JLINK_CORESIGHT_WriteAPDPReg(AP reg 0x03, 0x15090001)
T5838 000:919.238 - 0.302ms returns 0
T5838 000:919.288 JLINK_CORESIGHT_WriteAPDPReg(AP reg 0x00, 0x80000002)
T5838 000:919.537 - 0.249ms returns 0
T5838 000:919.550 JLINK_CORESIGHT_WriteAPDPReg(AP reg 0x01, 0x80011140)
T5838 000:919.765 - 0.214ms returns 0
T5838 000:919.784 JLINK_CORESIGHT_ReadAPDPReg(AP reg 0x03)
T5838 000:920.124   Value=0x00000002
T5838 000:920.144 - 0.359ms returns 0
T5838 000:920.168 JLINK_CORESIGHT_WriteAPDPReg(AP reg 0x00, 0x80000002)
T5838 000:920.366 - 0.197ms returns 0
T5838 000:920.386 JLINK_CORESIGHT_WriteAPDPReg(AP reg 0x01, 0x80011120)
T5838 000:920.658 - 0.271ms returns 0
T5838 000:920.675 JLINK_CORESIGHT_WriteAPDPReg(AP reg 0x03, 0x40F0C902)
T5838 000:920.935 - 0.259ms returns 0
T5838 000:920.952 JLINK_CORESIGHT_WriteAPDPReg(AP reg 0x00, 0x80000002)
T5838 000:921.196 - 0.243ms returns 0
T5838 000:921.234 JLINK_CORESIGHT_WriteAPDPReg(AP reg 0x01, 0x80011140)
T5838 000:921.431 - 0.197ms returns 0
T5838 000:921.451 JLINK_CORESIGHT_ReadAPDPReg(AP reg 0x03)
T5838 000:921.700   Value=0x00000002
T5838 000:921.713 - 0.262ms returns 0
T5838 000:921.722 JLINK_CORESIGHT_WriteAPDPReg(AP reg 0x00, 0x80000002)
T5838 000:921.887 - 0.164ms returns 0
T5838 000:921.900 JLINK_CORESIGHT_WriteAPDPReg(AP reg 0x01, 0x80011120)
T5838 000:922.079 - 0.179ms returns 0
T5838 000:922.097 JLINK_CORESIGHT_WriteAPDPReg(AP reg 0x03, 0x4FF0C902)
T5838 000:922.352 - 0.254ms returns 0
T5838 000:922.368 JLINK_CORESIGHT_WriteAPDPReg(AP reg 0x00, 0x80000002)
T5838 000:922.541 - 0.173ms returns 0
T5838 000:922.557 JLINK_CORESIGHT_WriteAPDPReg(AP reg 0x01, 0x80011140)
T5838 000:922.728 - 0.171ms returns 0
T5838 000:922.749 JLINK_CORESIGHT_ReadAPDPReg(AP reg 0x03)
T5838 000:923.047   Value=0x00000002
T5838 000:923.064 - 0.314ms returns 0
T5838 000:923.074 JLINK_CORESIGHT_WriteAPDPReg(AP reg 0x00, 0x80000002)
T5838 000:923.335 - 0.260ms returns 0
T5838 000:923.355 JLINK_CORESIGHT_WriteAPDPReg(AP reg 0x01, 0x80011120)
T5838 000:923.570 - 0.214ms returns 0
T5838 000:923.591 JLINK_CORESIGHT_WriteAPDPReg(AP reg 0x03, 0x000003DD)
T5838 000:923.798 - 0.207ms returns 0
T5838 000:923.818 JLINK_CORESIGHT_WriteAPDPReg(AP reg 0x00, 0x80000002)
T5838 000:924.009 - 0.191ms returns 0
T5838 000:924.023 JLINK_CORESIGHT_WriteAPDPReg(AP reg 0x01, 0x80011140)
T5838 000:924.211 - 0.188ms returns 0
T5838 000:924.224 JLINK_CORESIGHT_ReadAPDPReg(AP reg 0x03)
T5838 000:924.483   Value=0x00000002
T5838 000:924.497 - 0.272ms returns 0
T5838 000:924.506 JLINK_CORESIGHT_ReadAPDPReg(AP reg 0x03)
T5838 000:924.719   Value=0x00000002
T5838 000:924.732 - 0.226ms returns 0
T5838 000:924.741 JLINK_CORESIGHT_ReadAPDPReg(AP reg 0x03)
T5838 000:924.958   Value=0x00000002
T5838 000:924.971 - 0.229ms returns 0
T5838 000:924.980 JLINK_CORESIGHT_ReadAPDPReg(AP reg 0x03)
T5838 000:925.212   Value=0x00000002
T5838 000:925.225 - 0.245ms returns 0
T5838 000:925.252 JLINK_CORESIGHT_ReadAPDPReg(AP reg 0x03)
T5838 000:925.477   Value=0x00000002
T5838 000:925.490 - 0.238ms returns 0
T5838 000:925.499 JLINK_CORESIGHT_ReadAPDPReg(AP reg 0x03)
T5838 000:925.714   Value=0x00000002
T5838 000:925.727 - 0.228ms returns 0
T5838 000:925.736 JLINK_CORESIGHT_ReadAPDPReg(AP reg 0x03)
T5838 000:925.949   Value=0x00000002
T5838 000:925.962 - 0.225ms returns 0
T5838 000:925.971 JLINK_CORESIGHT_ReadAPDPReg(AP reg 0x03)
T5838 000:926.211   Value=0x00000002
T5838 000:926.224 - 0.253ms returns 0
T5838 000:926.251 JLINK_CORESIGHT_ReadAPDPReg(AP reg 0x03)
T5838 000:926.490   Value=0x00000002
T5838 000:926.546 - 0.293ms returns 0
T5838 000:926.563 JLINK_CORESIGHT_ReadAPDPReg(AP reg 0x03)
T5838 000:926.834   Value=0x00000002
T5838 000:926.854 - 0.291ms returns 0
T5838 000:926.866 JLINK_CORESIGHT_ReadAPDPReg(AP reg 0x03)
T5838 000:927.149   Value=0x00000002
T5838 000:927.170 - 0.304ms returns 0
T5838 000:927.182 JLINK_CORESIGHT_ReadAPDPReg(AP reg 0x03)
T5838 000:927.461   Value=0x00000002
T5838 000:927.482 - 0.299ms returns 0
T5838 000:927.493 JLINK_CORESIGHT_ReadAPDPReg(AP reg 0x03)
T5838 000:927.734   Value=0x00000002
T5838 000:927.750 - 0.256ms returns 0
T5838 000:927.760 JLINK_CORESIGHT_ReadAPDPReg(AP reg 0x03)
T5838 000:927.978   Value=0x00000002
T5838 000:927.991 - 0.231ms returns 0
T5838 000:928.000 JLINK_CORESIGHT_ReadAPDPReg(AP reg 0x03)
T5838 000:928.211   Value=0x00000002
T5838 000:928.226 - 0.225ms returns 0
T5838 000:928.235 JLINK_CORESIGHT_ReadAPDPReg(AP reg 0x03)
T5838 000:928.449   Value=0x00000002
T5838 000:928.462 - 0.227ms returns 0
T5838 000:928.471 JLINK_CORESIGHT_ReadAPDPReg(AP reg 0x03)
T5838 000:928.703   Value=0x00000002
T5838 000:928.721 - 0.250ms returns 0
T5838 000:928.732 JLINK_CORESIGHT_ReadAPDPReg(AP reg 0x03)
T5838 000:928.963   Value=0x00000002
T5838 000:928.977 - 0.244ms returns 0
T5838 000:928.985 JLINK_CORESIGHT_ReadAPDPReg(AP reg 0x03)
T5838 000:929.211   Value=0x00000002
T5838 000:929.224 - 0.238ms returns 0
T5838 000:929.233 JLINK_CORESIGHT_ReadAPDPReg(AP reg 0x03)
T5838 000:929.446   Value=0x00000002
T5838 000:929.459 - 0.226ms returns 0
T5838 000:929.468 JLINK_CORESIGHT_ReadAPDPReg(AP reg 0x03)
T5838 000:929.702   Value=0x00000002
T5838 000:929.717 - 0.249ms returns 0
T5838 000:929.733 JLINK_CORESIGHT_ReadAPDPReg(AP reg 0x03)
T5838 000:929.980   Value=0x00000002
T5838 000:929.993 - 0.260ms returns 0
T5838 000:930.008 JLINK_CORESIGHT_ReadAPDPReg(AP reg 0x03)
T5838 000:930.262   Value=0x00000002
T5838 000:930.275 - 0.267ms returns 0
T5838 000:930.288 JLINK_CORESIGHT_ReadAPDPReg(AP reg 0x03)
T5838 000:930.616   Value=0x00000002
T5838 000:930.628 - 0.340ms returns 0
T5838 000:930.641 JLINK_CORESIGHT_ReadAPDPReg(AP reg 0x03)
T5838 000:930.919   Value=0x00000002
T5838 000:930.955 - 0.313ms returns 0
T5838 000:930.972 JLINK_CORESIGHT_ReadAPDPReg(AP reg 0x03)
T5838 000:931.245   Value=0x00000002
T5838 000:931.267 - 0.295ms returns 0
T5838 000:931.301 JLINK_CORESIGHT_ReadAPDPReg(AP reg 0x03)
T5838 000:931.568   Value=0x00000002
T5838 000:931.588 - 0.300ms returns 0
T5838 000:931.607 JLINK_CORESIGHT_ReadAPDPReg(AP reg 0x03)
T5838 000:931.828   Value=0x00000002
T5838 000:931.843 - 0.235ms returns 0
T5838 000:931.857 JLINK_CORESIGHT_ReadAPDPReg(AP reg 0x03)
T5838 000:932.095   Value=0x00000000
T5838 000:932.108 - 0.250ms returns 0
T5838 000:932.122 JLINK_CORESIGHT_WriteAPDPReg(AP reg 0x00, 0x80000002)
T5838 000:932.319 - 0.197ms returns 0
T5838 000:932.339 JLINK_CORESIGHT_WriteAPDPReg(AP reg 0x01, 0x80011130)
T5838 000:932.568 - 0.229ms returns 0
T5838 000:932.596 JLINK_CORESIGHT_ReadAPDPReg(AP reg 0x03)
T5838 000:932.858   Value=0x15110081
T5838 000:932.877 - 0.281ms returns 0
T5838 000:932.896 JLINK_CORESIGHT_WriteAPDPReg(AP reg 0x00, 0x80000002)
T5838 000:933.097 - 0.201ms returns 0
T5838 000:933.125 JLINK_CORESIGHT_WriteAPDPReg(AP reg 0x01, 0x80011140)
T5838 000:933.356 - 0.230ms returns 0
T5838 000:933.383 JLINK_CORESIGHT_ReadAPDPReg(AP reg 0x03)
T5838 000:933.677   Value=0x00000000
T5838 000:933.702 - 0.319ms returns 0
T5838 000:933.726 JLINK_CORESIGHT_WriteAPDPReg(AP reg 0x00, 0x80000002)
T5838 000:933.952 - 0.225ms returns 0
T5838 000:933.983 JLINK_CORESIGHT_WriteAPDPReg(AP reg 0x01, 0x80011130)
T5838 000:934.226 - 0.242ms returns 0
T5838 000:934.259 JLINK_CORESIGHT_ReadAPDPReg(AP reg 0x03)
T5838 000:934.602   Value=0xFFFFFFFF
T5838 000:934.641 - 0.381ms returns 0
T5838 000:934.662 JLINK_CORESIGHT_WriteAPDPReg(AP reg 0x00, 0x80000002)
T5838 000:934.868 - 0.206ms returns 0
T5838 000:934.913 JLINK_CORESIGHT_WriteAPDPReg(AP reg 0x01, 0x80011140)
T5838 000:935.159 - 0.246ms returns 0
T5838 000:935.187 JLINK_CORESIGHT_ReadAPDPReg(AP reg 0x03)
T5838 000:935.436   Value=0x00000000
T5838 000:935.450 - 0.263ms returns 0
T5838 000:935.465 JLINK_CORESIGHT_WriteAPDPReg(AP reg 0x00, 0x80000002)
T5838 000:935.701 - 0.236ms returns 0
T5838 000:935.729 JLINK_CORESIGHT_WriteAPDPReg(AP reg 0x01, 0x80011130)
T5838 000:935.973 - 0.244ms returns 0
T5838 000:936.000 JLINK_CORESIGHT_ReadAPDPReg(AP reg 0x03)
T5838 000:936.300   Value=0xFFFFFFEF
T5838 000:936.320 - 0.320ms returns 0
T5838 000:936.340 JLINK_CORESIGHT_WriteAPDPReg(AP reg 0x00, 0x80000002)
T5838 000:936.549 - 0.209ms returns 0
T5838 000:936.578 JLINK_CORESIGHT_WriteAPDPReg(AP reg 0x01, 0x80011140)
T5838 000:936.782 - 0.203ms returns 0
T5838 000:936.806 JLINK_CORESIGHT_ReadAPDPReg(AP reg 0x03)
T5838 000:937.075   Value=0x00000000
T5838 000:937.131 - 0.325ms returns 0
T5838 000:937.150 JLINK_CORESIGHT_WriteAPDPReg(AP reg 0x00, 0x80000002)
T5838 000:937.350 - 0.199ms returns 0
T5838 000:937.377 JLINK_CORESIGHT_WriteAPDPReg(AP reg 0x01, 0x80011130)
T5838 000:937.586 - 0.208ms returns 0
T5838 000:937.613 JLINK_CORESIGHT_ReadAPDPReg(AP reg 0x03)
T5838 000:937.836   Value=0xFFFFFFFF
T5838 000:937.852 - 0.239ms returns 0
T5838 000:937.869 JLINK_CORESIGHT_WriteAPDPReg(AP reg 0x00, 0x80000002)
T5838 000:938.121 - 0.251ms returns 0
T5838 000:938.149 JLINK_CORESIGHT_WriteAPDPReg(AP reg 0x01, 0x80011140)
T5838 000:938.373 - 0.224ms returns 0
T5838 000:938.401 JLINK_CORESIGHT_ReadAPDPReg(AP reg 0x03)
T5838 000:938.674   Value=0x00000000
T5838 000:938.694 - 0.292ms returns 0
T5838 000:938.712 JLINK_CORESIGHT_WriteAPDPReg(AP reg 0x00, 0x80000002)
T5838 000:938.947 - 0.234ms returns 0
T5838 000:938.980 JLINK_CORESIGHT_WriteAPDPReg(AP reg 0x01, 0x80011130)
T5838 000:939.212 - 0.231ms returns 0
T5838 000:939.231 JLINK_CORESIGHT_ReadAPDPReg(AP reg 0x03)
T5838 000:939.528   Value=0xFFFFFFFF
T5838 000:939.549 - 0.317ms returns 0
T5838 000:939.567 JLINK_CORESIGHT_WriteAPDPReg(AP reg 0x00, 0x80000002)
T5838 000:939.799 - 0.231ms returns 0
T5838 000:939.826 JLINK_CORESIGHT_WriteAPDPReg(AP reg 0x01, 0x80011140)
T5838 000:940.071 - 0.244ms returns 0
T5838 000:940.098 JLINK_CORESIGHT_ReadAPDPReg(AP reg 0x03)
T5838 000:940.428   Value=0x00000000
T5838 000:940.492 - 0.393ms returns 0
T5838 000:940.557 JLINK_CORESIGHT_WriteAPDPReg(AP reg 0x00, 0x80000002)
T5838 000:940.744 - 0.187ms returns 0
T5838 000:940.763 JLINK_CORESIGHT_WriteAPDPReg(AP reg 0x01, 0x80011130)
T5838 000:941.021 - 0.258ms returns 0
T5838 000:941.053 JLINK_CORESIGHT_ReadAPDPReg(AP reg 0x03)
T5838 000:941.336   Value=0x000003FA
T5838 000:941.353 - 0.300ms returns 0
T5838 000:941.850 JLINK_CORESIGHT_WriteAPDPReg(AP reg 0x00, 0x80000002)
T5838 000:942.060 - 0.210ms returns 0
T5838 000:942.110 JLINK_CORESIGHT_WriteAPDPReg(AP reg 0x01, 0x80011140)
T5838 000:942.359 - 0.248ms returns 0
T5838 000:942.377 JLINK_CORESIGHT_ReadAPDPReg(AP reg 0x03)
T5838 000:942.634   Value=0x00000002
T5838 000:942.651 - 0.274ms returns 0
T5838 000:942.661 JLINK_CORESIGHT_WriteAPDPReg(AP reg 0x00, 0x80000002)
T5838 000:942.872 - 0.211ms returns 0
T5838 000:942.890 JLINK_CORESIGHT_WriteAPDPReg(AP reg 0x01, 0x80011120)
T5838 000:943.099 - 0.209ms returns 0
T5838 000:943.117 JLINK_CORESIGHT_WriteAPDPReg(AP reg 0x03, 0x39020001)
T5838 000:943.321 - 0.203ms returns 0
T5838 000:943.336 JLINK_CORESIGHT_WriteAPDPReg(AP reg 0x00, 0x80000002)
T5838 000:943.515 - 0.178ms returns 0
T5838 000:943.528 JLINK_CORESIGHT_WriteAPDPReg(AP reg 0x01, 0x80011140)
T5838 000:943.813 - 0.285ms returns 0
T5838 000:943.827 JLINK_CORESIGHT_ReadAPDPReg(AP reg 0x03)
T5838 000:944.074   Value=0x00000002
T5838 000:944.087 - 0.260ms returns 0
T5838 000:944.096 JLINK_CORESIGHT_WriteAPDPReg(AP reg 0x00, 0x80000002)
T5838 000:944.343 - 0.246ms returns 0
T5838 000:944.384 JLINK_CORESIGHT_WriteAPDPReg(AP reg 0x01, 0x80011120)
T5838 000:944.553 - 0.169ms returns 0
T5838 000:944.567 JLINK_CORESIGHT_WriteAPDPReg(AP reg 0x03, 0x0003B312)
T5838 000:944.741 - 0.174ms returns 0
T5838 000:944.755 JLINK_CORESIGHT_WriteAPDPReg(AP reg 0x00, 0x80000002)
T5838 000:944.954 - 0.199ms returns 0
T5838 000:944.968 JLINK_CORESIGHT_WriteAPDPReg(AP reg 0x01, 0x80011140)
T5838 000:945.213 - 0.245ms returns 0
T5838 000:945.227 JLINK_CORESIGHT_ReadAPDPReg(AP reg 0x03)
T5838 000:945.561   Value=0x00000000
T5838 000:945.578 - 0.351ms returns 0
T5838 000:945.588 JLINK_CORESIGHT_WriteAPDPReg(AP reg 0x00, 0x80000002)
T5838 000:945.764 - 0.175ms returns 0
T5838 000:945.777 JLINK_CORESIGHT_WriteAPDPReg(AP reg 0x01, 0x80011130)
T5838 000:945.974 - 0.197ms returns 0
T5838 000:945.988 JLINK_CORESIGHT_ReadAPDPReg(AP reg 0x03)
T5838 000:946.210   Value=0xB90A0081
T5838 000:946.224 - 0.236ms returns 0
T5838 000:946.232 JLINK_CORESIGHT_WriteAPDPReg(AP reg 0x00, 0x80000002)
T5838 000:946.403 - 0.170ms returns 0
T5838 000:946.448 JLINK_CORESIGHT_WriteAPDPReg(AP reg 0x01, 0x80011140)
T5838 000:946.624 - 0.175ms returns 0
T5838 000:946.643 JLINK_CORESIGHT_ReadAPDPReg(AP reg 0x03)
T5838 000:946.890   Value=0x00000000
T5838 000:946.903 - 0.260ms returns 0
T5838 000:946.912 JLINK_CORESIGHT_WriteAPDPReg(AP reg 0x00, 0x80000002)
T5838 000:947.252 - 0.339ms returns 0
T5838 000:947.271 JLINK_CORESIGHT_WriteAPDPReg(AP reg 0x01, 0x80011130)
T5838 000:947.475 - 0.204ms returns 0
T5838 000:947.493 JLINK_CORESIGHT_ReadAPDPReg(AP reg 0x03)
T5838 000:947.753   Value=0xFFFFFFC0
T5838 000:947.770 - 0.277ms returns 0
T5838 000:947.780 JLINK_CORESIGHT_WriteAPDPReg(AP reg 0x00, 0x80000002)
T5838 000:948.002 - 0.221ms returns 0
T5838 000:948.019 JLINK_CORESIGHT_WriteAPDPReg(AP reg 0x01, 0x80011140)
T5838 000:948.212 - 0.193ms returns 0
T5838 000:948.226 JLINK_CORESIGHT_ReadAPDPReg(AP reg 0x03)
T5838 000:948.473   Value=0x00000000
T5838 000:948.487 - 0.261ms returns 0
T5838 000:948.496 JLINK_CORESIGHT_WriteAPDPReg(AP reg 0x00, 0x80000002)
T5838 000:948.668 - 0.172ms returns 0
T5838 000:948.681 JLINK_CORESIGHT_WriteAPDPReg(AP reg 0x01, 0x80011130)
T5838 000:949.018 - 0.335ms returns 0
T5838 000:949.069 JLINK_CORESIGHT_ReadAPDPReg(AP reg 0x03)
T5838 000:949.448   Value=0xFFFFFFFF
T5838 000:949.468 - 0.400ms returns 0
T5838 000:949.480 JLINK_CORESIGHT_WriteAPDPReg(AP reg 0x00, 0x80000002)
T5838 000:949.722 - 0.242ms returns 0
T5838 000:949.743 JLINK_CORESIGHT_WriteAPDPReg(AP reg 0x01, 0x80011140)
T5838 000:949.961 - 0.217ms returns 0
T5838 000:949.981 JLINK_CORESIGHT_ReadAPDPReg(AP reg 0x03)
T5838 000:950.231   Value=0x00000000
T5838 000:950.259 - 0.277ms returns 0
T5838 000:950.275 JLINK_CORESIGHT_WriteAPDPReg(AP reg 0x00, 0x80000002)
T5838 000:950.507 - 0.231ms returns 0
T5838 000:950.531 JLINK_CORESIGHT_WriteAPDPReg(AP reg 0x01, 0x80011130)
T5838 000:950.794 - 0.263ms returns 0
T5838 000:950.816 JLINK_CORESIGHT_ReadAPDPReg(AP reg 0x03)
T5838 000:951.085   Value=0x000385FF
T5838 000:951.106 - 0.290ms returns 0
T5838 000:954.420 JLINK_CORESIGHT_WriteAPDPReg(AP reg 0x00, 0x80000002)
T5838 000:954.677 - 0.257ms returns 0
T5838 000:954.698 JLINK_CORESIGHT_WriteAPDPReg(AP reg 0x01, 0x80011140)
T5838 000:955.018 - 0.320ms returns 0
T5838 000:955.040 JLINK_CORESIGHT_ReadAPDPReg(AP reg 0x03)
T5838 000:955.451   Value=0x00000002
T5838 000:955.469 - 0.428ms returns 0
T5838 000:955.479 JLINK_CORESIGHT_WriteAPDPReg(AP reg 0x00, 0x80000002)
T5838 000:955.711 - 0.232ms returns 0
T5838 000:955.729 JLINK_CORESIGHT_WriteAPDPReg(AP reg 0x01, 0x80011120)
T5838 000:956.149 - 0.419ms returns 0
T5838 000:956.168 JLINK_CORESIGHT_WriteAPDPReg(AP reg 0x03, 0x2C010001)
T5838 000:956.441 - 0.273ms returns 0
T5838 000:956.459 JLINK_CORESIGHT_WriteAPDPReg(AP reg 0x00, 0x80000002)
T5838 000:956.746 - 0.286ms returns 0
T5838 000:956.763 JLINK_CORESIGHT_WriteAPDPReg(AP reg 0x01, 0x80011140)
T5838 000:957.086 - 0.321ms returns 0
T5838 000:957.136 JLINK_CORESIGHT_ReadAPDPReg(AP reg 0x03)
T5838 000:957.466   Value=0x00000002
T5838 000:957.484 - 0.348ms returns 0
T5838 000:957.495 JLINK_CORESIGHT_WriteAPDPReg(AP reg 0x00, 0x80000002)
T5838 000:957.783 - 0.288ms returns 0
T5838 000:957.805 JLINK_CORESIGHT_WriteAPDPReg(AP reg 0x01, 0x80011120)
T5838 000:958.085 - 0.280ms returns 0
T5838 000:958.103 JLINK_CORESIGHT_WriteAPDPReg(AP reg 0x03, 0x000003D3)
T5838 000:958.339 - 0.236ms returns 0
T5838 000:958.354 JLINK_CORESIGHT_WriteAPDPReg(AP reg 0x00, 0x80000002)
T5838 000:958.530 - 0.176ms returns 0
T5838 000:958.544 JLINK_CORESIGHT_WriteAPDPReg(AP reg 0x01, 0x80011140)
T5838 000:958.773 - 0.227ms returns 0
T5838 000:958.827 JLINK_CORESIGHT_ReadAPDPReg(AP reg 0x03)
T5838 000:959.242   Value=0x00000002
T5838 000:959.263 - 0.437ms returns 0
T5838 000:959.275 JLINK_CORESIGHT_ReadAPDPReg(AP reg 0x03)
T5838 000:959.572   Value=0x00000002
T5838 000:959.594 - 0.319ms returns 0
T5838 000:959.605 JLINK_CORESIGHT_ReadAPDPReg(AP reg 0x03)
T5838 000:959.886   Value=0x00000002
T5838 000:959.927 - 0.322ms returns 0
T5838 000:959.939 JLINK_CORESIGHT_ReadAPDPReg(AP reg 0x03)
T5838 000:960.278   Value=0x00000002
T5838 000:960.295 - 0.356ms returns 0
T5838 000:960.305 JLINK_CORESIGHT_ReadAPDPReg(AP reg 0x03)
T5838 000:960.534   Value=0x00000000
T5838 000:960.549 - 0.243ms returns 0
T5838 000:960.558 JLINK_CORESIGHT_WriteAPDPReg(AP reg 0x00, 0x80000002)
T5838 000:960.732 - 0.174ms returns 0
T5838 000:960.746 JLINK_CORESIGHT_WriteAPDPReg(AP reg 0x01, 0x80011130)
T5838 000:961.028 - 0.281ms returns 0
T5838 000:961.047 JLINK_CORESIGHT_ReadAPDPReg(AP reg 0x03)
T5838 000:961.326   Value=0x2C020081
T5838 000:961.344 - 0.297ms returns 0
T5838 000:961.355 JLINK_CORESIGHT_WriteAPDPReg(AP reg 0x00, 0x80000002)
T5838 000:961.578 - 0.222ms returns 0
T5838 000:961.596 JLINK_CORESIGHT_WriteAPDPReg(AP reg 0x01, 0x80011140)
T5838 000:961.785 - 0.188ms returns 0
T5838 000:961.805 JLINK_CORESIGHT_ReadAPDPReg(AP reg 0x03)
T5838 000:962.253   Value=0x00000000
T5838 000:962.297 - 0.492ms returns 0
T5838 000:962.308 JLINK_CORESIGHT_WriteAPDPReg(AP reg 0x00, 0x80000002)
T5838 000:962.548 - 0.240ms returns 0
T5838 000:962.567 JLINK_CORESIGHT_WriteAPDPReg(AP reg 0x01, 0x80011130)
T5838 000:962.819 - 0.251ms returns 0
T5838 000:962.850 JLINK_CORESIGHT_ReadAPDPReg(AP reg 0x03)
T5838 000:963.122   Value=0x0003CE04
T5838 000:963.139 - 0.288ms returns 0
T5838 000:963.152 JLINK_CORESIGHT_WriteAPDPReg(AP reg 0x00, 0x80000002)
T5838 000:963.392 - 0.239ms returns 0
T5838 000:963.413 JLINK_CORESIGHT_WriteAPDPReg(AP reg 0x01, 0x80011140)
T5838 000:963.610 - 0.197ms returns 0
T5838 000:963.627 JLINK_CORESIGHT_ReadAPDPReg(AP reg 0x03)
T5838 000:963.924   Value=0x00000002
T5838 000:963.944 - 0.317ms returns 0
T5838 000:963.957 JLINK_CORESIGHT_WriteAPDPReg(AP reg 0x00, 0x80000002)
T5838 000:964.130 - 0.173ms returns 0
T5838 000:964.143 JLINK_CORESIGHT_WriteAPDPReg(AP reg 0x01, 0x80011120)
T5838 000:964.465 - 0.322ms returns 0
T5838 000:964.480 JLINK_CORESIGHT_WriteAPDPReg(AP reg 0x03, 0x73010001)
T5838 000:964.731 - 0.251ms returns 0
T5838 000:964.753 JLINK_CORESIGHT_WriteAPDPReg(AP reg 0x00, 0x80000002)
T5838 000:964.999 - 0.246ms returns 0
T5838 000:965.017 JLINK_CORESIGHT_WriteAPDPReg(AP reg 0x01, 0x80011140)
T5838 000:965.214 - 0.196ms returns 0
T5838 000:965.234 JLINK_CORESIGHT_ReadAPDPReg(AP reg 0x03)
T5838 000:965.477   Value=0x00000002
T5838 000:965.491 - 0.256ms returns 0
T5838 000:965.500 JLINK_CORESIGHT_WriteAPDPReg(AP reg 0x00, 0x80000002)
T5838 000:965.673 - 0.173ms returns 0
T5838 000:965.687 JLINK_CORESIGHT_WriteAPDPReg(AP reg 0x01, 0x80011120)
T5838 000:965.859 - 0.172ms returns 0
T5838 000:965.872 JLINK_CORESIGHT_WriteAPDPReg(AP reg 0x03, 0x0000038C)
T5838 000:966.043 - 0.171ms returns 0
T5838 000:966.062 JLINK_CORESIGHT_WriteAPDPReg(AP reg 0x00, 0x80000002)
T5838 000:966.293 - 0.230ms returns 0
T5838 000:966.334 JLINK_CORESIGHT_WriteAPDPReg(AP reg 0x01, 0x80011140)
T5838 000:966.569 - 0.236ms returns 0
T5838 000:966.583 JLINK_CORESIGHT_ReadAPDPReg(AP reg 0x03)
T5838 000:966.851   Value=0x00000002
T5838 000:966.876 - 0.293ms returns 0
T5838 000:966.906 JLINK_CORESIGHT_ReadAPDPReg(AP reg 0x03)
T5838 000:967.145   Value=0x00000002
T5838 000:967.164 - 0.257ms returns 0
T5838 000:967.206 JLINK_CORESIGHT_ReadAPDPReg(AP reg 0x03)
T5838 000:967.516   Value=0x00000002
T5838 000:967.583 - 0.377ms returns 0
T5838 000:967.603 JLINK_CORESIGHT_ReadAPDPReg(AP reg 0x03)
T5838 000:967.880   Value=0x00000002
T5838 000:967.919 - 0.315ms returns 0
T5838 000:967.969 JLINK_CORESIGHT_ReadAPDPReg(AP reg 0x03)
T5838 000:968.221   Value=0x00000002
T5838 000:968.294 - 0.324ms returns 0
T5838 000:968.318 JLINK_CORESIGHT_ReadAPDPReg(AP reg 0x03)
T5838 000:968.573   Value=0x00000002
T5838 000:968.591 - 0.272ms returns 0
T5838 000:968.607 JLINK_CORESIGHT_ReadAPDPReg(AP reg 0x03)
T5838 000:968.884   Value=0x00000002
T5838 000:968.902 - 0.294ms returns 0
T5838 000:968.919 JLINK_CORESIGHT_ReadAPDPReg(AP reg 0x03)
T5838 000:969.259   Value=0x00000002
T5838 000:969.279 - 0.359ms returns 0
T5838 000:969.759 JLINK_CORESIGHT_ReadAPDPReg(AP reg 0x03)
T5838 000:970.064   Value=0x00000000
T5838 000:970.084 - 0.324ms returns 0
T5838 000:970.094 JLINK_CORESIGHT_WriteAPDPReg(AP reg 0x00, 0x80000002)
T5838 000:970.293 - 0.198ms returns 0
T5838 000:970.309 JLINK_CORESIGHT_WriteAPDPReg(AP reg 0x01, 0x80011130)
T5838 000:970.601 - 0.291ms returns 0
T5838 000:970.644 JLINK_CORESIGHT_ReadAPDPReg(AP reg 0x03)
T5838 000:971.021   Value=0x73020081
T5838 000:971.059 - 0.415ms returns 0
T5838 000:971.084 JLINK_CORESIGHT_WriteAPDPReg(AP reg 0x00, 0x80000002)
T5838 000:971.323 - 0.239ms returns 0
T5838 000:971.341 JLINK_CORESIGHT_WriteAPDPReg(AP reg 0x01, 0x80011140)
T5838 000:971.531 - 0.190ms returns 0
T5838 000:971.546 JLINK_CORESIGHT_ReadAPDPReg(AP reg 0x03)
T5838 000:971.785   Value=0x00000000
T5838 000:971.798 - 0.252ms returns 0
T5838 000:971.808 JLINK_CORESIGHT_WriteAPDPReg(AP reg 0x00, 0x80000002)
T5838 000:972.005 - 0.197ms returns 0
T5838 000:972.018 JLINK_CORESIGHT_WriteAPDPReg(AP reg 0x01, 0x80011130)
T5838 000:972.398 - 0.377ms returns 0
T5838 000:972.450 JLINK_CORESIGHT_ReadAPDPReg(AP reg 0x03)
T5838 000:973.006   Value=0x00038902
T5838 000:973.047 - 0.597ms returns 0
T5838 000:973.077 JLINK_CORESIGHT_WriteAPDPReg(AP reg 0x00, 0x80000002)
T5838 000:973.410 - 0.333ms returns 0
T5838 000:973.468 JLINK_CORESIGHT_WriteAPDPReg(AP reg 0x01, 0x80011140)
T5838 000:973.663 - 0.195ms returns 0
T5838 000:973.690 JLINK_CORESIGHT_ReadAPDPReg(AP reg 0x03)
T5838 000:973.991   Value=0x00000002
T5838 000:974.013 - 0.323ms returns 0
T5838 000:974.026 JLINK_CORESIGHT_WriteAPDPReg(AP reg 0x00, 0x80000002)
T5838 000:974.302 - 0.275ms returns 0
T5838 000:974.320 JLINK_CORESIGHT_WriteAPDPReg(AP reg 0x01, 0x80011120)
T5838 000:974.581 - 0.261ms returns 0
T5838 000:974.599 JLINK_CORESIGHT_WriteAPDPReg(AP reg 0x03, 0x75010001)
T5838 000:974.850 - 0.250ms returns 0
T5838 000:974.868 JLINK_CORESIGHT_WriteAPDPReg(AP reg 0x00, 0x80000002)
T5838 000:976.502 - 1.632ms returns 0
T5838 000:976.556 JLINK_CORESIGHT_WriteAPDPReg(AP reg 0x01, 0x80011140)
T5838 000:976.939 - 0.382ms returns 0
T5838 000:976.991 JLINK_CORESIGHT_ReadAPDPReg(AP reg 0x03)
T5838 000:977.332   Value=0x00000002
T5838 000:977.351 - 0.360ms returns 0
T5838 000:977.361 JLINK_CORESIGHT_WriteAPDPReg(AP reg 0x00, 0x80000002)
T5838 000:977.645 - 0.283ms returns 0
T5838 000:977.664 JLINK_CORESIGHT_WriteAPDPReg(AP reg 0x01, 0x80011120)
T5838 000:977.933 - 0.268ms returns 0
T5838 000:977.955 JLINK_CORESIGHT_WriteAPDPReg(AP reg 0x03, 0x0000038A)
T5838 000:978.285 - 0.330ms returns 0
T5838 000:978.305 JLINK_CORESIGHT_WriteAPDPReg(AP reg 0x00, 0x80000002)
T5838 000:978.649 - 0.343ms returns 0
T5838 000:978.674 JLINK_CORESIGHT_WriteAPDPReg(AP reg 0x01, 0x80011140)
T5838 000:978.951 - 0.277ms returns 0
T5838 000:978.971 JLINK_CORESIGHT_ReadAPDPReg(AP reg 0x03)
T5838 000:979.295   Value=0x00000002
T5838 000:979.313 - 0.341ms returns 0
T5838 000:979.323 JLINK_CORESIGHT_ReadAPDPReg(AP reg 0x03)
T5838 000:979.636   Value=0x00000002
T5838 000:979.653 - 0.330ms returns 0
T5838 000:979.664 JLINK_CORESIGHT_ReadAPDPReg(AP reg 0x03)
T5838 000:979.979   Value=0x00000002
T5838 000:979.996 - 0.332ms returns 0
T5838 000:980.006 JLINK_CORESIGHT_ReadAPDPReg(AP reg 0x03)
T5838 000:980.317   Value=0x00000002
T5838 000:980.335 - 0.328ms returns 0
T5838 000:980.344 JLINK_CORESIGHT_ReadAPDPReg(AP reg 0x03)
T5838 000:980.636   Value=0x00000002
T5838 000:980.656 - 0.311ms returns 0
T5838 000:980.681 JLINK_CORESIGHT_ReadAPDPReg(AP reg 0x03)
T5838 000:980.972   Value=0x00000002
T5838 000:980.989 - 0.321ms returns 0
T5838 000:980.999 JLINK_CORESIGHT_ReadAPDPReg(AP reg 0x03)
T5838 000:981.212   Value=0x00000002
T5838 000:981.230 - 0.230ms returns 0
T5838 000:981.240 JLINK_CORESIGHT_ReadAPDPReg(AP reg 0x03)
T5838 000:981.465   Value=0x00000002
T5838 000:981.479 - 0.239ms returns 0
T5838 000:981.488 JLINK_CORESIGHT_ReadAPDPReg(AP reg 0x03)
T5838 000:981.711   Value=0x00000002
T5838 000:981.724 - 0.236ms returns 0
T5838 000:981.733 JLINK_CORESIGHT_ReadAPDPReg(AP reg 0x03)
T5838 000:982.009   Value=0x00000002
T5838 000:982.066 - 0.332ms returns 0
T5838 000:982.093 JLINK_CORESIGHT_ReadAPDPReg(AP reg 0x03)
T5838 000:982.422   Value=0x00000002
T5838 000:982.442 - 0.348ms returns 0
T5838 000:982.453 JLINK_CORESIGHT_ReadAPDPReg(AP reg 0x03)
T5838 000:982.791   Value=0x00000000
T5838 000:982.809 - 0.355ms returns 0
T5838 000:982.819 JLINK_CORESIGHT_WriteAPDPReg(AP reg 0x00, 0x80000002)
T5838 000:983.034 - 0.214ms returns 0
T5838 000:983.048 JLINK_CORESIGHT_WriteAPDPReg(AP reg 0x01, 0x80011130)
T5838 000:983.238 - 0.190ms returns 0
T5838 000:983.253 JLINK_CORESIGHT_ReadAPDPReg(AP reg 0x03)
T5838 000:983.520   Value=0x75020081
T5838 000:983.546 - 0.293ms returns 0
T5838 000:983.578 JLINK_CORESIGHT_WriteAPDPReg(AP reg 0x00, 0x80000002)
T5838 000:983.808 - 0.229ms returns 0
T5838 000:983.832 JLINK_CORESIGHT_WriteAPDPReg(AP reg 0x01, 0x80011140)
T5838 000:984.079 - 0.246ms returns 0
T5838 000:984.102 JLINK_CORESIGHT_ReadAPDPReg(AP reg 0x03)
T5838 000:984.435   Value=0x00000000
T5838 000:984.457 - 0.356ms returns 0
T5838 000:984.470 JLINK_CORESIGHT_WriteAPDPReg(AP reg 0x00, 0x80000002)
T5838 000:984.765 - 0.294ms returns 0
T5838 000:984.792 JLINK_CORESIGHT_WriteAPDPReg(AP reg 0x01, 0x80011130)
T5838 000:985.098 - 0.306ms returns 0
T5838 000:985.120 JLINK_CORESIGHT_ReadAPDPReg(AP reg 0x03)
T5838 000:985.458   Value=0x00038702
T5838 000:985.476 - 0.356ms returns 0
T5838 000:985.491 JLINK_CORESIGHT_WriteAPDPReg(AP reg 0x00, 0x80000002)
T5838 000:985.708 - 0.216ms returns 0
T5838 000:985.727 JLINK_CORESIGHT_WriteAPDPReg(AP reg 0x01, 0x80011140)
T5838 000:985.938 - 0.210ms returns 0
T5838 000:985.956 JLINK_CORESIGHT_ReadAPDPReg(AP reg 0x03)
T5838 000:986.249   Value=0x00000002
T5838 000:986.266 - 0.310ms returns 0
T5838 000:986.276 JLINK_CORESIGHT_WriteAPDPReg(AP reg 0x00, 0x80000002)
T5838 000:986.500 - 0.223ms returns 0
T5838 000:986.520 JLINK_CORESIGHT_WriteAPDPReg(AP reg 0x01, 0x80011120)
T5838 000:986.765 - 0.244ms returns 0
T5838 000:986.815 JLINK_CORESIGHT_WriteAPDPReg(AP reg 0x03, 0x4F010001)
T5838 000:987.100 - 0.284ms returns 0
T5838 000:987.121 JLINK_CORESIGHT_WriteAPDPReg(AP reg 0x00, 0x80000002)
T5838 000:987.358 - 0.237ms returns 0
T5838 000:987.379 JLINK_CORESIGHT_WriteAPDPReg(AP reg 0x01, 0x80011140)
T5838 000:987.591 - 0.211ms returns 0
T5838 000:987.612 JLINK_CORESIGHT_ReadAPDPReg(AP reg 0x03)
T5838 000:987.883   Value=0x00000002
T5838 000:987.900 - 0.287ms returns 0
T5838 000:987.910 JLINK_CORESIGHT_WriteAPDPReg(AP reg 0x00, 0x80000002)
T5838 000:988.109 - 0.199ms returns 0
T5838 000:988.123 JLINK_CORESIGHT_WriteAPDPReg(AP reg 0x01, 0x80011120)
T5838 000:988.361 - 0.236ms returns 0
T5838 000:988.407 JLINK_CORESIGHT_WriteAPDPReg(AP reg 0x03, 0x000003B0)
T5838 000:988.645 - 0.239ms returns 0
T5838 000:988.659 JLINK_CORESIGHT_WriteAPDPReg(AP reg 0x00, 0x80000002)
T5838 000:988.835 - 0.176ms returns 0
T5838 000:988.848 JLINK_CORESIGHT_WriteAPDPReg(AP reg 0x01, 0x80011140)
T5838 000:989.030 - 0.181ms returns 0
T5838 000:989.051 JLINK_CORESIGHT_ReadAPDPReg(AP reg 0x03)
T5838 000:989.329   Value=0x00000002
T5838 000:989.346 - 0.295ms returns 0
T5838 000:989.356 JLINK_CORESIGHT_ReadAPDPReg(AP reg 0x03)
T5838 000:989.653   Value=0x00000002
T5838 000:989.670 - 0.313ms returns 0
T5838 000:989.680 JLINK_CORESIGHT_ReadAPDPReg(AP reg 0x03)
T5838 000:989.973   Value=0x00000000
T5838 000:989.991 - 0.310ms returns 0
T5838 000:990.001 JLINK_CORESIGHT_WriteAPDPReg(AP reg 0x00, 0x80000002)
T5838 000:990.369 - 0.367ms returns 0
T5838 000:990.421 JLINK_CORESIGHT_WriteAPDPReg(AP reg 0x01, 0x80011130)
T5838 000:990.665 - 0.245ms returns 0
T5838 000:990.705 JLINK_CORESIGHT_ReadAPDPReg(AP reg 0x03)
T5838 000:990.973   Value=0x4F0B0081
T5838 000:990.991 - 0.286ms returns 0
T5838 000:991.001 JLINK_CORESIGHT_WriteAPDPReg(AP reg 0x00, 0x80000002)
T5838 000:991.254 - 0.253ms returns 0
T5838 000:991.272 JLINK_CORESIGHT_WriteAPDPReg(AP reg 0x01, 0x80011140)
T5838 000:991.464 - 0.191ms returns 0
T5838 000:991.481 JLINK_CORESIGHT_ReadAPDPReg(AP reg 0x03)
T5838 000:991.778   Value=0x00000000
T5838 000:991.801 - 0.319ms returns 0
T5838 000:991.812 JLINK_CORESIGHT_WriteAPDPReg(AP reg 0x00, 0x80000002)
T5838 000:992.051 - 0.239ms returns 0
T5838 000:992.073 JLINK_CORESIGHT_WriteAPDPReg(AP reg 0x01, 0x80011130)
T5838 000:992.372 - 0.298ms returns 0
T5838 000:992.392 JLINK_CORESIGHT_ReadAPDPReg(AP reg 0x03)
T5838 000:992.672   Value=0x20000000
T5838 000:992.689 - 0.297ms returns 0
T5838 000:992.699 JLINK_CORESIGHT_WriteAPDPReg(AP reg 0x00, 0x80000002)
T5838 000:993.005 - 0.305ms returns 0
T5838 000:993.023 JLINK_CORESIGHT_WriteAPDPReg(AP reg 0x01, 0x80011140)
T5838 000:993.250 - 0.226ms returns 0
T5838 000:993.268 JLINK_CORESIGHT_ReadAPDPReg(AP reg 0x03)
T5838 000:993.628   Value=0x00000000
T5838 000:993.680 - 0.411ms returns 0
T5838 000:993.708 JLINK_CORESIGHT_WriteAPDPReg(AP reg 0x00, 0x80000002)
T5838 000:994.003 - 0.295ms returns 0
T5838 000:994.020 JLINK_CORESIGHT_WriteAPDPReg(AP reg 0x01, 0x80011130)
T5838 000:994.248 - 0.227ms returns 0
T5838 000:994.266 JLINK_CORESIGHT_ReadAPDPReg(AP reg 0x03)
T5838 000:994.558   Value=0x00000000
T5838 000:994.576 - 0.309ms returns 0
T5838 000:994.585 JLINK_CORESIGHT_WriteAPDPReg(AP reg 0x00, 0x80000002)
T5838 000:995.942 - 1.355ms returns 0
T5838 000:996.015 JLINK_CORESIGHT_WriteAPDPReg(AP reg 0x01, 0x80011140)
T5838 000:996.292 - 0.277ms returns 0
T5838 000:996.320 JLINK_CORESIGHT_ReadAPDPReg(AP reg 0x03)
T5838 000:996.729   Value=0x00000000
T5838 000:996.749 - 0.428ms returns 0
T5838 000:996.767 JLINK_CORESIGHT_WriteAPDPReg(AP reg 0x00, 0x80000002)
T5838 000:997.061 - 0.293ms returns 0
T5838 000:997.088 JLINK_CORESIGHT_WriteAPDPReg(AP reg 0x01, 0x80011130)
T5838 000:997.385 - 0.296ms returns 0
T5838 000:997.412 JLINK_CORESIGHT_ReadAPDPReg(AP reg 0x03)
T5838 000:997.752   Value=0x03860000
T5838 000:997.773 - 0.361ms returns 0
T5838 000:998.335 JLINK_CORESIGHT_WriteAPDPReg(AP reg 0x00, 0x80000002)
T5838 000:998.581 - 0.246ms returns 0
T5838 000:998.601 JLINK_CORESIGHT_WriteAPDPReg(AP reg 0x01, 0x80011140)
T5838 000:998.846 - 0.244ms returns 0
T5838 000:998.866 JLINK_CORESIGHT_ReadAPDPReg(AP reg 0x03)
T5838 000:999.214   Value=0x00000002
T5838 000:999.264 - 0.397ms returns 0
T5838 000:999.303 JLINK_CORESIGHT_WriteAPDPReg(AP reg 0x00, 0x80000002)
T5838 000:999.588 - 0.285ms returns 0
T5838 000:999.611 JLINK_CORESIGHT_WriteAPDPReg(AP reg 0x01, 0x80011120)
T5838 000:999.894 - 0.283ms returns 0
T5838 000:999.914 JLINK_CORESIGHT_WriteAPDPReg(AP reg 0x03, 0x2C010001)
T5838 001:000.218 - 0.303ms returns 0
T5838 001:000.243 JLINK_CORESIGHT_WriteAPDPReg(AP reg 0x00, 0x80000002)
T5838 001:000.446 - 0.202ms returns 0
T5838 001:000.471 JLINK_CORESIGHT_WriteAPDPReg(AP reg 0x01, 0x80011140)
T5838 001:000.701 - 0.229ms returns 0
T5838 001:000.727 JLINK_CORESIGHT_ReadAPDPReg(AP reg 0x03)
T5838 001:001.051   Value=0x00000002
T5838 001:001.074 - 0.346ms returns 0
T5838 001:001.086 JLINK_CORESIGHT_WriteAPDPReg(AP reg 0x00, 0x80000002)
T5838 001:001.371 - 0.284ms returns 0
T5838 001:001.394 JLINK_CORESIGHT_WriteAPDPReg(AP reg 0x01, 0x80011120)
T5838 001:001.673 - 0.279ms returns 0
T5838 001:001.698 JLINK_CORESIGHT_WriteAPDPReg(AP reg 0x03, 0x000003D3)
T5838 001:001.906 - 0.207ms returns 0
T5838 001:001.927 JLINK_CORESIGHT_WriteAPDPReg(AP reg 0x00, 0x80000002)
T5838 001:002.230 - 0.302ms returns 0
T5838 001:002.279 JLINK_CORESIGHT_WriteAPDPReg(AP reg 0x01, 0x80011140)
T5838 001:002.657 - 0.406ms returns 0
T5838 001:002.677 JLINK_CORESIGHT_ReadAPDPReg(AP reg 0x03)
T5838 001:003.095   Value=0x00000002
T5838 001:003.144 - 0.466ms returns 0
T5838 001:003.172 JLINK_CORESIGHT_ReadAPDPReg(AP reg 0x03)
T5838 001:003.493   Value=0x00000002
T5838 001:003.512 - 0.340ms returns 0
T5838 001:003.523 JLINK_CORESIGHT_ReadAPDPReg(AP reg 0x03)
T5838 001:003.850   Value=0x00000002
T5838 001:003.869 - 0.345ms returns 0
T5838 001:003.879 JLINK_CORESIGHT_ReadAPDPReg(AP reg 0x03)
T5838 001:004.185   Value=0x00000002
T5838 001:004.204 - 0.325ms returns 0
T5838 001:004.215 JLINK_CORESIGHT_ReadAPDPReg(AP reg 0x03)
T5838 001:004.474   Value=0x00000000
T5838 001:004.504 - 0.289ms returns 0
T5838 001:004.521 JLINK_CORESIGHT_WriteAPDPReg(AP reg 0x00, 0x80000002)
T5838 001:004.777 - 0.256ms returns 0
T5838 001:004.798 JLINK_CORESIGHT_WriteAPDPReg(AP reg 0x01, 0x80011130)
T5838 001:005.070 - 0.272ms returns 0
T5838 001:005.089 JLINK_CORESIGHT_ReadAPDPReg(AP reg 0x03)
T5838 001:005.430   Value=0x2C020081
T5838 001:005.447 - 0.358ms returns 0
T5838 001:005.458 JLINK_CORESIGHT_WriteAPDPReg(AP reg 0x00, 0x80000002)
T5838 001:005.716 - 0.258ms returns 0
T5838 001:005.733 JLINK_CORESIGHT_WriteAPDPReg(AP reg 0x01, 0x80011140)
T5838 001:006.005 - 0.271ms returns 0
T5838 001:006.022 JLINK_CORESIGHT_ReadAPDPReg(AP reg 0x03)
T5838 001:006.361   Value=0x00000000
T5838 001:006.381 - 0.358ms returns 0
T5838 001:006.393 JLINK_CORESIGHT_WriteAPDPReg(AP reg 0x00, 0x80000002)
T5838 001:006.617 - 0.224ms returns 0
T5838 001:006.641 JLINK_CORESIGHT_WriteAPDPReg(AP reg 0x01, 0x80011130)
T5838 001:006.848 - 0.207ms returns 0
T5838 001:006.865 JLINK_CORESIGHT_ReadAPDPReg(AP reg 0x03)
T5838 001:007.118   Value=0x0003CE04
T5838 001:007.133 - 0.268ms returns 0
T5838 001:007.147 JLINK_CORESIGHT_WriteAPDPReg(AP reg 0x00, 0x80000002)
T5838 001:007.390 - 0.242ms returns 0
T5838 001:007.406 JLINK_CORESIGHT_WriteAPDPReg(AP reg 0x01, 0x80011140)
T5838 001:007.636 - 0.230ms returns 0
T5838 001:007.651 JLINK_CORESIGHT_ReadAPDPReg(AP reg 0x03)
T5838 001:007.884   Value=0x00000002
T5838 001:007.897 - 0.245ms returns 0
T5838 001:007.906 JLINK_CORESIGHT_WriteAPDPReg(AP reg 0x00, 0x80000002)
T5838 001:008.084 - 0.177ms returns 0
T5838 001:008.098 JLINK_CORESIGHT_WriteAPDPReg(AP reg 0x01, 0x80011120)
T5838 001:008.320 - 0.222ms returns 0
T5838 001:008.352 JLINK_CORESIGHT_WriteAPDPReg(AP reg 0x03, 0x73010001)
T5838 001:008.522 - 0.170ms returns 0
T5838 001:008.535 JLINK_CORESIGHT_WriteAPDPReg(AP reg 0x00, 0x80000002)
T5838 001:008.704 - 0.169ms returns 0
T5838 001:008.717 JLINK_CORESIGHT_WriteAPDPReg(AP reg 0x01, 0x80011140)
T5838 001:008.883 - 0.165ms returns 0
T5838 001:008.896 JLINK_CORESIGHT_ReadAPDPReg(AP reg 0x03)
T5838 001:009.140   Value=0x00000002
T5838 001:009.153 - 0.257ms returns 0
T5838 001:009.162 JLINK_CORESIGHT_WriteAPDPReg(AP reg 0x00, 0x80000002)
T5838 001:009.355 - 0.192ms returns 0
T5838 001:009.370 JLINK_CORESIGHT_WriteAPDPReg(AP reg 0x01, 0x80011120)
T5838 001:009.558 - 0.187ms returns 0
T5838 001:009.572 JLINK_CORESIGHT_WriteAPDPReg(AP reg 0x03, 0x0000038C)
T5838 001:009.738 - 0.166ms returns 0
T5838 001:009.753 JLINK_CORESIGHT_WriteAPDPReg(AP reg 0x00, 0x80000002)
T5838 001:009.961 - 0.208ms returns 0
T5838 001:009.977 JLINK_CORESIGHT_WriteAPDPReg(AP reg 0x01, 0x80011140)
T5838 001:010.213 - 0.235ms returns 0
T5838 001:010.228 JLINK_CORESIGHT_ReadAPDPReg(AP reg 0x03)
T5838 001:010.468   Value=0x00000002
T5838 001:010.485 - 0.256ms returns 0
T5838 001:010.496 JLINK_CORESIGHT_ReadAPDPReg(AP reg 0x03)
T5838 001:010.733   Value=0x00000002
T5838 001:010.747 - 0.250ms returns 0
T5838 001:010.755 JLINK_CORESIGHT_ReadAPDPReg(AP reg 0x03)
T5838 001:010.972   Value=0x00000002
T5838 001:010.984 - 0.229ms returns 0
T5838 001:010.993 JLINK_CORESIGHT_ReadAPDPReg(AP reg 0x03)
T5838 001:011.211   Value=0x00000000
T5838 001:011.224 - 0.230ms returns 0
T5838 001:011.233 JLINK_CORESIGHT_WriteAPDPReg(AP reg 0x00, 0x80000002)
T5838 001:011.400 - 0.167ms returns 0
T5838 001:011.427 JLINK_CORESIGHT_WriteAPDPReg(AP reg 0x01, 0x80011130)
T5838 001:011.619 - 0.191ms returns 0
T5838 001:011.633 JLINK_CORESIGHT_ReadAPDPReg(AP reg 0x03)
T5838 001:011.875   Value=0x73020081
T5838 001:011.888 - 0.255ms returns 0
T5838 001:011.897 JLINK_CORESIGHT_WriteAPDPReg(AP reg 0x00, 0x80000002)
T5838 001:012.064 - 0.167ms returns 0
T5838 001:012.077 JLINK_CORESIGHT_WriteAPDPReg(AP reg 0x01, 0x80011140)
T5838 001:012.261 - 0.184ms returns 0
T5838 001:012.275 JLINK_CORESIGHT_ReadAPDPReg(AP reg 0x03)
T5838 001:012.515   Value=0x00000000
T5838 001:012.528 - 0.253ms returns 0
T5838 001:012.536 JLINK_CORESIGHT_WriteAPDPReg(AP reg 0x00, 0x80000002)
T5838 001:012.820 - 0.283ms returns 0
T5838 001:012.834 JLINK_CORESIGHT_WriteAPDPReg(AP reg 0x01, 0x80011130)
T5838 001:013.000 - 0.166ms returns 0
T5838 001:013.014 JLINK_CORESIGHT_ReadAPDPReg(AP reg 0x03)
T5838 001:013.238   Value=0x00038902
T5838 001:013.251 - 0.237ms returns 0
T5838 001:013.260 JLINK_CORESIGHT_WriteAPDPReg(AP reg 0x00, 0x80000002)
T5838 001:013.443 - 0.182ms returns 0
T5838 001:013.456 JLINK_CORESIGHT_WriteAPDPReg(AP reg 0x01, 0x80011140)
T5838 001:013.620 - 0.164ms returns 0
T5838 001:013.632 JLINK_CORESIGHT_ReadAPDPReg(AP reg 0x03)
T5838 001:013.876   Value=0x00000002
T5838 001:013.889 - 0.256ms returns 0
T5838 001:013.898 JLINK_CORESIGHT_WriteAPDPReg(AP reg 0x00, 0x80000002)
T5838 001:014.063 - 0.164ms returns 0
T5838 001:014.077 JLINK_CORESIGHT_WriteAPDPReg(AP reg 0x01, 0x80011120)
T5838 001:014.323 - 0.245ms returns 0
T5838 001:014.357 JLINK_CORESIGHT_WriteAPDPReg(AP reg 0x03, 0x75010001)
T5838 001:014.538 - 0.181ms returns 0
T5838 001:014.553 JLINK_CORESIGHT_WriteAPDPReg(AP reg 0x00, 0x80000002)
T5838 001:014.720 - 0.167ms returns 0
T5838 001:014.736 JLINK_CORESIGHT_WriteAPDPReg(AP reg 0x01, 0x80011140)
T5838 001:014.903 - 0.166ms returns 0
T5838 001:014.916 JLINK_CORESIGHT_ReadAPDPReg(AP reg 0x03)
T5838 001:015.211   Value=0x00000002
T5838 001:015.224 - 0.308ms returns 0
T5838 001:015.233 JLINK_CORESIGHT_WriteAPDPReg(AP reg 0x00, 0x80000002)
T5838 001:015.400 - 0.166ms returns 0
T5838 001:015.422 JLINK_CORESIGHT_WriteAPDPReg(AP reg 0x01, 0x80011120)
T5838 001:015.610 - 0.187ms returns 0
T5838 001:015.624 JLINK_CORESIGHT_WriteAPDPReg(AP reg 0x03, 0x0000038A)
T5838 001:015.792 - 0.168ms returns 0
T5838 001:015.805 JLINK_CORESIGHT_WriteAPDPReg(AP reg 0x00, 0x80000002)
T5838 001:015.995 - 0.190ms returns 0
T5838 001:016.008 JLINK_CORESIGHT_WriteAPDPReg(AP reg 0x01, 0x80011140)
T5838 001:016.212 - 0.203ms returns 0
T5838 001:016.225 JLINK_CORESIGHT_ReadAPDPReg(AP reg 0x03)
T5838 001:016.464   Value=0x00000002
T5838 001:016.477 - 0.252ms returns 0
T5838 001:016.486 JLINK_CORESIGHT_ReadAPDPReg(AP reg 0x03)
T5838 001:016.700   Value=0x00000002
T5838 001:016.714 - 0.228ms returns 0
T5838 001:016.723 JLINK_CORESIGHT_ReadAPDPReg(AP reg 0x03)
T5838 001:016.961   Value=0x00000002
T5838 001:016.978 - 0.254ms returns 0
T5838 001:016.989 JLINK_CORESIGHT_ReadAPDPReg(AP reg 0x03)
T5838 001:017.232   Value=0x00000002
T5838 001:017.255 - 0.265ms returns 0
T5838 001:017.287 JLINK_CORESIGHT_ReadAPDPReg(AP reg 0x03)
T5838 001:017.625   Value=0x00000002
T5838 001:017.647 - 0.360ms returns 0
T5838 001:017.659 JLINK_CORESIGHT_ReadAPDPReg(AP reg 0x03)
T5838 001:017.982   Value=0x00000002
T5838 001:018.000 - 0.340ms returns 0
T5838 001:018.011 JLINK_CORESIGHT_ReadAPDPReg(AP reg 0x03)
T5838 001:018.301   Value=0x00000002
T5838 001:018.327 - 0.315ms returns 0
T5838 001:018.346 JLINK_CORESIGHT_ReadAPDPReg(AP reg 0x03)
T5838 001:018.682   Value=0x00000002
T5838 001:018.702 - 0.355ms returns 0
T5838 001:018.714 JLINK_CORESIGHT_ReadAPDPReg(AP reg 0x03)
T5838 001:018.986   Value=0x00000000
T5838 001:019.004 - 0.290ms returns 0
T5838 001:019.014 JLINK_CORESIGHT_WriteAPDPReg(AP reg 0x00, 0x80000002)
T5838 001:019.282 - 0.268ms returns 0
T5838 001:019.301 JLINK_CORESIGHT_WriteAPDPReg(AP reg 0x01, 0x80011130)
T5838 001:019.601 - 0.299ms returns 0
T5838 001:019.622 JLINK_CORESIGHT_ReadAPDPReg(AP reg 0x03)
T5838 001:019.896   Value=0x75020081
T5838 001:019.914 - 0.291ms returns 0
T5838 001:019.924 JLINK_CORESIGHT_WriteAPDPReg(AP reg 0x00, 0x80000002)
T5838 001:020.147 - 0.222ms returns 0
T5838 001:020.164 JLINK_CORESIGHT_WriteAPDPReg(AP reg 0x01, 0x80011140)
T5838 001:020.341 - 0.176ms returns 0
T5838 001:020.361 JLINK_CORESIGHT_ReadAPDPReg(AP reg 0x03)
T5838 001:020.641   Value=0x00000000
T5838 001:020.669 - 0.307ms returns 0
T5838 001:020.685 JLINK_CORESIGHT_WriteAPDPReg(AP reg 0x00, 0x80000002)
T5838 001:020.923 - 0.237ms returns 0
T5838 001:020.941 JLINK_CORESIGHT_WriteAPDPReg(AP reg 0x01, 0x80011130)
T5838 001:021.251 - 0.310ms returns 0
T5838 001:021.271 JLINK_CORESIGHT_ReadAPDPReg(AP reg 0x03)
T5838 001:021.515   Value=0x00038702
T5838 001:021.531 - 0.260ms returns 0
T5838 001:021.545 JLINK_CORESIGHT_WriteAPDPReg(AP reg 0x00, 0x80000002)
T5838 001:021.862 - 0.315ms returns 0
T5838 001:021.913 JLINK_CORESIGHT_WriteAPDPReg(AP reg 0x01, 0x80011140)
T5838 001:022.175 - 0.263ms returns 0
T5838 001:022.196 JLINK_CORESIGHT_ReadAPDPReg(AP reg 0x03)
T5838 001:022.556   Value=0x00000002
T5838 001:022.576 - 0.379ms returns 0
T5838 001:022.587 JLINK_CORESIGHT_WriteAPDPReg(AP reg 0x00, 0x80000002)
T5838 001:022.862 - 0.274ms returns 0
T5838 001:022.882 JLINK_CORESIGHT_WriteAPDPReg(AP reg 0x01, 0x80011120)
T5838 001:023.084 - 0.202ms returns 0
T5838 001:023.105 JLINK_CORESIGHT_WriteAPDPReg(AP reg 0x03, 0x4E0B0001)
T5838 001:023.353 - 0.247ms returns 0
T5838 001:023.382 JLINK_CORESIGHT_WriteAPDPReg(AP reg 0x00, 0x80000002)
T5838 001:023.586 - 0.203ms returns 0
T5838 001:023.620 JLINK_CORESIGHT_WriteAPDPReg(AP reg 0x01, 0x80011140)
T5838 001:023.896 - 0.275ms returns 0
T5838 001:023.924 JLINK_CORESIGHT_ReadAPDPReg(AP reg 0x03)
T5838 001:024.262   Value=0x00000002
T5838 001:024.281 - 0.356ms returns 0
T5838 001:024.299 JLINK_CORESIGHT_WriteAPDPReg(AP reg 0x00, 0x80000002)
T5838 001:024.571 - 0.272ms returns 0
T5838 001:024.599 JLINK_CORESIGHT_WriteAPDPReg(AP reg 0x01, 0x80011120)
T5838 001:024.776 - 0.177ms returns 0
T5838 001:024.799 JLINK_CORESIGHT_WriteAPDPReg(AP reg 0x03, 0x40000000)
T5838 001:024.991 - 0.192ms returns 0
T5838 001:025.009 JLINK_CORESIGHT_WriteAPDPReg(AP reg 0x00, 0x80000002)
T5838 001:025.212 - 0.202ms returns 0
T5838 001:025.229 JLINK_CORESIGHT_WriteAPDPReg(AP reg 0x01, 0x80011140)
T5838 001:025.414 - 0.185ms returns 0
T5838 001:025.432 JLINK_CORESIGHT_ReadAPDPReg(AP reg 0x03)
T5838 001:025.713   Value=0x00000002
T5838 001:025.730 - 0.298ms returns 0
T5838 001:025.747 JLINK_CORESIGHT_WriteAPDPReg(AP reg 0x00, 0x80000002)
T5838 001:025.980 - 0.233ms returns 0
T5838 001:026.004 JLINK_CORESIGHT_WriteAPDPReg(AP reg 0x01, 0x80011120)
T5838 001:026.249 - 0.244ms returns 0
T5838 001:026.272 JLINK_CORESIGHT_WriteAPDPReg(AP reg 0x03, 0x00000000)
T5838 001:026.558 - 0.285ms returns 0
T5838 001:026.582 JLINK_CORESIGHT_WriteAPDPReg(AP reg 0x00, 0x80000002)
T5838 001:026.817 - 0.235ms returns 0
T5838 001:026.841 JLINK_CORESIGHT_WriteAPDPReg(AP reg 0x01, 0x80011140)
T5838 001:027.082 - 0.241ms returns 0
T5838 001:027.106 JLINK_CORESIGHT_ReadAPDPReg(AP reg 0x03)
T5838 001:027.432   Value=0x00000002
T5838 001:027.449 - 0.342ms returns 0
T5838 001:027.465 JLINK_CORESIGHT_WriteAPDPReg(AP reg 0x00, 0x80000002)
T5838 001:027.641 - 0.175ms returns 0
T5838 001:027.660 JLINK_CORESIGHT_WriteAPDPReg(AP reg 0x01, 0x80011120)
T5838 001:027.874 - 0.213ms returns 0
T5838 001:027.894 JLINK_CORESIGHT_WriteAPDPReg(AP reg 0x03, 0x03670000)
T5838 001:028.179 - 0.284ms returns 0
T5838 001:028.211 JLINK_CORESIGHT_WriteAPDPReg(AP reg 0x00, 0x80000002)
T5838 001:028.481 - 0.270ms returns 0
T5838 001:028.509 JLINK_CORESIGHT_WriteAPDPReg(AP reg 0x01, 0x80011140)
T5838 001:028.773 - 0.263ms returns 0
T5838 001:028.796 JLINK_CORESIGHT_ReadAPDPReg(AP reg 0x03)
T5838 001:029.087   Value=0x00000002
T5838 001:029.132 - 0.335ms returns 0
T5838 001:029.155 JLINK_CORESIGHT_ReadAPDPReg(AP reg 0x03)
T5838 001:029.380   Value=0x00000002
T5838 001:029.394 - 0.239ms returns 0
T5838 001:029.408 JLINK_CORESIGHT_ReadAPDPReg(AP reg 0x03)
T5838 001:029.771   Value=0x00000002
T5838 001:029.789 - 0.380ms returns 0
T5838 001:029.805 JLINK_CORESIGHT_ReadAPDPReg(AP reg 0x03)
T5838 001:030.065   Value=0x00000002
T5838 001:030.079 - 0.274ms returns 0
T5838 001:030.093 JLINK_CORESIGHT_ReadAPDPReg(AP reg 0x03)
T5838 001:030.398   Value=0x00000002
T5838 001:030.411 - 0.318ms returns 0
T5838 001:030.425 JLINK_CORESIGHT_ReadAPDPReg(AP reg 0x03)
T5838 001:030.686   Value=0x00000002
T5838 001:030.700 - 0.275ms returns 0
T5838 001:030.714 JLINK_CORESIGHT_ReadAPDPReg(AP reg 0x03)
T5838 001:030.968   Value=0x00000002
T5838 001:031.013 - 0.298ms returns 0
T5838 001:031.029 JLINK_CORESIGHT_ReadAPDPReg(AP reg 0x03)
T5838 001:031.328   Value=0x00000002
T5838 001:031.342 - 0.312ms returns 0
T5838 001:031.355 JLINK_CORESIGHT_ReadAPDPReg(AP reg 0x03)
T5838 001:031.613   Value=0x00000002
T5838 001:031.627 - 0.271ms returns 0
T5838 001:031.640 JLINK_CORESIGHT_ReadAPDPReg(AP reg 0x03)
T5838 001:031.882   Value=0x00000002
T5838 001:031.896 - 0.256ms returns 0
T5838 001:031.909 JLINK_CORESIGHT_ReadAPDPReg(AP reg 0x03)
T5838 001:032.266   Value=0x00000002
T5838 001:032.280 - 0.370ms returns 0
T5838 001:032.293 JLINK_CORESIGHT_ReadAPDPReg(AP reg 0x03)
T5838 001:032.564   Value=0x00000002
T5838 001:032.578 - 0.284ms returns 0
T5838 001:032.591 JLINK_CORESIGHT_ReadAPDPReg(AP reg 0x03)
T5838 001:032.834   Value=0x00000002
T5838 001:032.848 - 0.256ms returns 0
T5838 001:032.876 JLINK_CORESIGHT_ReadAPDPReg(AP reg 0x03)
T5838 001:033.094   Value=0x00000002
T5838 001:033.108 - 0.232ms returns 0
T5838 001:033.122 JLINK_CORESIGHT_ReadAPDPReg(AP reg 0x03)
T5838 001:033.410   Value=0x00000002
T5838 001:033.427 - 0.305ms returns 0
T5838 001:033.442 JLINK_CORESIGHT_ReadAPDPReg(AP reg 0x03)
T5838 001:033.696   Value=0x00000002
T5838 001:033.715 - 0.273ms returns 0
T5838 001:033.735 JLINK_CORESIGHT_ReadAPDPReg(AP reg 0x03)
T5838 001:034.077   Value=0x00000002
T5838 001:034.093 - 0.359ms returns 0
T5838 001:034.111 JLINK_CORESIGHT_ReadAPDPReg(AP reg 0x03)
T5838 001:034.406   Value=0x00000002
T5838 001:034.424 - 0.313ms returns 0
T5838 001:034.441 JLINK_CORESIGHT_ReadAPDPReg(AP reg 0x03)
T5838 001:034.701   Value=0x00000002
T5838 001:034.719 - 0.278ms returns 0
T5838 001:034.739 JLINK_CORESIGHT_ReadAPDPReg(AP reg 0x03)
T5838 001:035.040   Value=0x00000002
T5838 001:035.083 - 0.344ms returns 0
T5838 001:035.124 JLINK_CORESIGHT_ReadAPDPReg(AP reg 0x03)
T5838 001:035.417   Value=0x00000002
T5838 001:035.436 - 0.312ms returns 0
T5838 001:035.452 JLINK_CORESIGHT_ReadAPDPReg(AP reg 0x03)
T5838 001:035.794   Value=0x00000002
T5838 001:035.811 - 0.359ms returns 0
T5838 001:035.827 JLINK_CORESIGHT_ReadAPDPReg(AP reg 0x03)
T5838 001:036.144   Value=0x00000002
T5838 001:036.164 - 0.336ms returns 0
T5838 001:036.182 JLINK_CORESIGHT_ReadAPDPReg(AP reg 0x03)
T5838 001:036.473   Value=0x00000002
T5838 001:036.495 - 0.312ms returns 0
T5838 001:036.515 JLINK_CORESIGHT_ReadAPDPReg(AP reg 0x03)
T5838 001:036.803   Value=0x00000002
T5838 001:036.820 - 0.305ms returns 0
T5838 001:036.836 JLINK_CORESIGHT_ReadAPDPReg(AP reg 0x03)
T5838 001:037.191   Value=0x00000000
T5838 001:037.208 - 0.372ms returns 0
T5838 001:037.225 JLINK_CORESIGHT_WriteAPDPReg(AP reg 0x00, 0x80000002)
T5838 001:037.452 - 0.226ms returns 0
T5838 001:037.474 JLINK_CORESIGHT_WriteAPDPReg(AP reg 0x01, 0x80011130)
T5838 001:037.752 - 0.276ms returns 0
T5838 001:037.822 JLINK_CORESIGHT_ReadAPDPReg(AP reg 0x03)
T5838 001:038.155   Value=0x4E0A0081
T5838 001:038.175 - 0.354ms returns 0
T5838 001:038.194 JLINK_CORESIGHT_WriteAPDPReg(AP reg 0x00, 0x80000002)
T5838 001:038.483 - 0.288ms returns 0
T5838 001:038.506 JLINK_CORESIGHT_WriteAPDPReg(AP reg 0x01, 0x80011140)
T5838 001:038.705 - 0.199ms returns 0
T5838 001:038.728 JLINK_CORESIGHT_ReadAPDPReg(AP reg 0x03)
T5838 001:039.058   Value=0x00000000
T5838 001:039.074 - 0.346ms returns 0
T5838 001:039.091 JLINK_CORESIGHT_WriteAPDPReg(AP reg 0x00, 0x80000002)
T5838 001:039.392 - 0.301ms returns 0
T5838 001:039.413 JLINK_CORESIGHT_WriteAPDPReg(AP reg 0x01, 0x80011130)
T5838 001:039.673 - 0.259ms returns 0
T5838 001:039.694 JLINK_CORESIGHT_ReadAPDPReg(AP reg 0x03)
T5838 001:039.965   Value=0xFFFFFF00
T5838 001:039.981 - 0.286ms returns 0
T5838 001:039.996 JLINK_CORESIGHT_WriteAPDPReg(AP reg 0x00, 0x80000002)
T5838 001:040.244 - 0.247ms returns 0
T5838 001:040.265 JLINK_CORESIGHT_WriteAPDPReg(AP reg 0x01, 0x80011140)
T5838 001:040.465 - 0.200ms returns 0
T5838 001:040.482 JLINK_CORESIGHT_ReadAPDPReg(AP reg 0x03)
T5838 001:040.763   Value=0x00000000
T5838 001:040.777 - 0.294ms returns 0
T5838 001:040.794 JLINK_CORESIGHT_WriteAPDPReg(AP reg 0x00, 0x80000002)
T5838 001:041.008 - 0.213ms returns 0
T5838 001:041.025 JLINK_CORESIGHT_WriteAPDPReg(AP reg 0x01, 0x80011130)
T5838 001:041.211 - 0.185ms returns 0
T5838 001:041.228 JLINK_CORESIGHT_ReadAPDPReg(AP reg 0x03)
T5838 001:041.559   Value=0xFFFFFFFF
T5838 001:041.597 - 0.368ms returns 0
T5838 001:041.635 JLINK_CORESIGHT_WriteAPDPReg(AP reg 0x00, 0x80000002)
T5838 001:041.886 - 0.251ms returns 0
T5838 001:041.926 JLINK_CORESIGHT_WriteAPDPReg(AP reg 0x01, 0x80011140)
T5838 001:042.176 - 0.250ms returns 0
T5838 001:042.198 JLINK_CORESIGHT_ReadAPDPReg(AP reg 0x03)
T5838 001:042.465   Value=0x00000000
T5838 001:042.479 - 0.280ms returns 0
T5838 001:042.492 JLINK_CORESIGHT_WriteAPDPReg(AP reg 0x00, 0x80000002)
T5838 001:042.704 - 0.211ms returns 0
T5838 001:042.740 JLINK_CORESIGHT_WriteAPDPReg(AP reg 0x01, 0x80011130)
T5838 001:043.003 - 0.262ms returns 0
T5838 001:043.021 JLINK_CORESIGHT_ReadAPDPReg(AP reg 0x03)
T5838 001:043.291   Value=0x0003B0FF
T5838 001:043.304 - 0.283ms returns 0
T5838 001:043.319 JLINK_CORESIGHT_WriteAPDPReg(AP reg 0x00, 0x80000002)
T5838 001:043.533 - 0.214ms returns 0
T5838 001:043.551 JLINK_CORESIGHT_WriteAPDPReg(AP reg 0x01, 0x80011140)
T5838 001:043.735 - 0.184ms returns 0
T5838 001:043.753 JLINK_CORESIGHT_ReadAPDPReg(AP reg 0x03)
T5838 001:044.062   Value=0x00000002
T5838 001:044.103 - 0.349ms returns 0
T5838 001:044.147 JLINK_CORESIGHT_WriteAPDPReg(AP reg 0x00, 0x80000002)
T5838 001:044.440 - 0.293ms returns 0
T5838 001:044.458 JLINK_CORESIGHT_WriteAPDPReg(AP reg 0x01, 0x80011120)
T5838 001:044.638 - 0.180ms returns 0
T5838 001:044.656 JLINK_CORESIGHT_WriteAPDPReg(AP reg 0x03, 0x4F010001)
T5838 001:044.965 - 0.309ms returns 0
T5838 001:044.982 JLINK_CORESIGHT_WriteAPDPReg(AP reg 0x00, 0x80000002)
T5838 001:045.220 - 0.237ms returns 0
T5838 001:045.256 JLINK_CORESIGHT_WriteAPDPReg(AP reg 0x01, 0x80011140)
T5838 001:045.446 - 0.189ms returns 0
T5838 001:045.464 JLINK_CORESIGHT_ReadAPDPReg(AP reg 0x03)
T5838 001:045.708   Value=0x00000002
T5838 001:045.721 - 0.256ms returns 0
T5838 001:045.734 JLINK_CORESIGHT_WriteAPDPReg(AP reg 0x00, 0x80000002)
T5838 001:045.956 - 0.221ms returns 0
T5838 001:045.973 JLINK_CORESIGHT_WriteAPDPReg(AP reg 0x01, 0x80011120)
T5838 001:046.212 - 0.239ms returns 0
T5838 001:046.230 JLINK_CORESIGHT_WriteAPDPReg(AP reg 0x03, 0x000003B0)
T5838 001:046.415 - 0.184ms returns 0
T5838 001:046.434 JLINK_CORESIGHT_WriteAPDPReg(AP reg 0x00, 0x80000002)
T5838 001:046.652 - 0.218ms returns 0
T5838 001:046.671 JLINK_CORESIGHT_WriteAPDPReg(AP reg 0x01, 0x80011140)
T5838 001:046.854 - 0.183ms returns 0
T5838 001:046.872 JLINK_CORESIGHT_ReadAPDPReg(AP reg 0x03)
T5838 001:047.131   Value=0x00000002
T5838 001:047.145 - 0.272ms returns 0
T5838 001:047.158 JLINK_CORESIGHT_ReadAPDPReg(AP reg 0x03)
T5838 001:047.406   Value=0x00000002
T5838 001:047.419 - 0.260ms returns 0
T5838 001:047.432 JLINK_CORESIGHT_ReadAPDPReg(AP reg 0x03)
T5838 001:047.668   Value=0x00000002
T5838 001:047.686 - 0.253ms returns 0
T5838 001:047.702 JLINK_CORESIGHT_ReadAPDPReg(AP reg 0x03)
T5838 001:047.931   Value=0x00000002
T5838 001:047.944 - 0.242ms returns 0
T5838 001:047.957 JLINK_CORESIGHT_ReadAPDPReg(AP reg 0x03)
T5838 001:048.210   Value=0x00000002
T5838 001:048.223 - 0.266ms returns 0
T5838 001:048.237 JLINK_CORESIGHT_ReadAPDPReg(AP reg 0x03)
T5838 001:048.467   Value=0x00000002
T5838 001:048.480 - 0.243ms returns 0
T5838 001:048.493 JLINK_CORESIGHT_ReadAPDPReg(AP reg 0x03)
T5838 001:048.723   Value=0x00000002
T5838 001:048.736 - 0.242ms returns 0
T5838 001:048.749 JLINK_CORESIGHT_ReadAPDPReg(AP reg 0x03)
T5838 001:048.988   Value=0x00000002
T5838 001:049.011 - 0.255ms returns 0
T5838 001:049.027 JLINK_CORESIGHT_ReadAPDPReg(AP reg 0x03)
T5838 001:049.263   Value=0x00000002
T5838 001:049.278 - 0.250ms returns 0
T5838 001:049.292 JLINK_CORESIGHT_ReadAPDPReg(AP reg 0x03)
T5838 001:049.616   Value=0x00000002
T5838 001:049.629 - 0.337ms returns 0
T5838 001:049.642 JLINK_CORESIGHT_ReadAPDPReg(AP reg 0x03)
T5838 001:049.883   Value=0x00000002
T5838 001:049.896 - 0.253ms returns 0
T5838 001:049.909 JLINK_CORESIGHT_ReadAPDPReg(AP reg 0x03)
T5838 001:050.146   Value=0x00000002
T5838 001:050.160 - 0.250ms returns 0
T5838 001:050.188 JLINK_CORESIGHT_ReadAPDPReg(AP reg 0x03)
T5838 001:050.416   Value=0x00000002
T5838 001:050.434 - 0.246ms returns 0
T5838 001:050.452 JLINK_CORESIGHT_ReadAPDPReg(AP reg 0x03)
T5838 001:050.704   Value=0x00000000
T5838 001:050.727 - 0.275ms returns 0
T5838 001:051.371 JLINK_CORESIGHT_WriteAPDPReg(AP reg 0x00, 0x80000002)
T5838 001:051.605 - 0.235ms returns 0
T5838 001:051.621 JLINK_CORESIGHT_WriteAPDPReg(AP reg 0x01, 0x80011130)
T5838 001:051.949 - 0.327ms returns 0
T5838 001:051.995 JLINK_CORESIGHT_ReadAPDPReg(AP reg 0x03)
T5838 001:052.343   Value=0x4F0B0081
T5838 001:052.360 - 0.365ms returns 0
T5838 001:052.372 JLINK_CORESIGHT_WriteAPDPReg(AP reg 0x00, 0x80000002)
T5838 001:052.573 - 0.201ms returns 0
T5838 001:052.623 JLINK_CORESIGHT_WriteAPDPReg(AP reg 0x01, 0x80011140)
T5838 001:052.899 - 0.276ms returns 0
T5838 001:052.918 JLINK_CORESIGHT_ReadAPDPReg(AP reg 0x03)
T5838 001:053.213   Value=0x00000000
T5838 001:053.229 - 0.310ms returns 0
T5838 001:053.238 JLINK_CORESIGHT_WriteAPDPReg(AP reg 0x00, 0x80000002)
T5838 001:053.418 - 0.179ms returns 0
T5838 001:053.432 JLINK_CORESIGHT_WriteAPDPReg(AP reg 0x01, 0x80011130)
T5838 001:053.607 - 0.175ms returns 0
T5838 001:053.620 JLINK_CORESIGHT_ReadAPDPReg(AP reg 0x03)
T5838 001:053.869   Value=0x40000000
T5838 001:053.883 - 0.262ms returns 0
T5838 001:053.892 JLINK_CORESIGHT_WriteAPDPReg(AP reg 0x00, 0x80000002)
T5838 001:054.194 - 0.301ms returns 0
T5838 001:054.245 JLINK_CORESIGHT_WriteAPDPReg(AP reg 0x01, 0x80011140)
T5838 001:054.526 - 0.281ms returns 0
T5838 001:054.544 JLINK_CORESIGHT_ReadAPDPReg(AP reg 0x03)
T5838 001:054.845   Value=0x00000000
T5838 001:054.863 - 0.319ms returns 0
T5838 001:054.875 JLINK_CORESIGHT_WriteAPDPReg(AP reg 0x00, 0x80000002)
T5838 001:055.104 - 0.229ms returns 0
T5838 001:055.122 JLINK_CORESIGHT_WriteAPDPReg(AP reg 0x01, 0x80011130)
T5838 001:055.329 - 0.206ms returns 0
T5838 001:055.365 JLINK_CORESIGHT_ReadAPDPReg(AP reg 0x03)
T5838 001:055.652   Value=0x00000000
T5838 001:055.669 - 0.303ms returns 0
T5838 001:055.679 JLINK_CORESIGHT_WriteAPDPReg(AP reg 0x00, 0x80000002)
T5838 001:056.009 - 0.329ms returns 0
T5838 001:056.027 JLINK_CORESIGHT_WriteAPDPReg(AP reg 0x01, 0x80011140)
T5838 001:056.256 - 0.229ms returns 0
T5838 001:056.287 JLINK_CORESIGHT_ReadAPDPReg(AP reg 0x03)
T5838 001:056.587   Value=0x00000000
T5838 001:056.601 - 0.314ms returns 0
T5838 001:056.610 JLINK_CORESIGHT_WriteAPDPReg(AP reg 0x00, 0x80000002)
T5838 001:056.788 - 0.177ms returns 0
T5838 001:056.802 JLINK_CORESIGHT_WriteAPDPReg(AP reg 0x01, 0x80011130)
T5838 001:057.010 - 0.207ms returns 0
T5838 001:057.023 JLINK_CORESIGHT_ReadAPDPReg(AP reg 0x03)
T5838 001:057.284   Value=0x03660000
T5838 001:057.297 - 0.274ms returns 0
T5838 001:057.450 JLINK_CORESIGHT_WriteAPDPReg(AP reg 0x00, 0x80000002)
T5838 001:057.726 - 0.276ms returns 0
T5838 001:057.740 JLINK_CORESIGHT_WriteAPDPReg(AP reg 0x01, 0x80011140)
T5838 001:057.958 - 0.218ms returns 0
T5838 001:057.972 JLINK_CORESIGHT_ReadAPDPReg(AP reg 0x03)
T5838 001:058.237   Value=0x00000002
T5838 001:058.250 - 0.277ms returns 0
T5838 001:058.259 JLINK_CORESIGHT_WriteAPDPReg(AP reg 0x00, 0x80000002)
T5838 001:058.451 - 0.192ms returns 0
T5838 001:058.464 JLINK_CORESIGHT_WriteAPDPReg(AP reg 0x01, 0x80011120)
T5838 001:058.652 - 0.188ms returns 0
T5838 001:058.667 JLINK_CORESIGHT_WriteAPDPReg(AP reg 0x03, 0x4F010001)
T5838 001:058.955 - 0.286ms returns 0
T5838 001:059.007 JLINK_CORESIGHT_WriteAPDPReg(AP reg 0x00, 0x80000002)
T5838 001:059.287 - 0.282ms returns 0
T5838 001:059.301 JLINK_CORESIGHT_WriteAPDPReg(AP reg 0x01, 0x80011140)
T5838 001:059.524 - 0.223ms returns 0
T5838 001:059.540 JLINK_CORESIGHT_ReadAPDPReg(AP reg 0x03)
T5838 001:059.809   Value=0x00000002
T5838 001:059.825 - 0.285ms returns 0
T5838 001:059.842 JLINK_CORESIGHT_WriteAPDPReg(AP reg 0x00, 0x80000002)
T5838 001:060.014 - 0.171ms returns 0
T5838 001:060.030 JLINK_CORESIGHT_WriteAPDPReg(AP reg 0x01, 0x80011120)
T5838 001:060.323 - 0.293ms returns 0
T5838 001:060.344 JLINK_CORESIGHT_WriteAPDPReg(AP reg 0x03, 0x000003B0)
T5838 001:060.581 - 0.236ms returns 0
T5838 001:060.622 JLINK_CORESIGHT_WriteAPDPReg(AP reg 0x00, 0x80000002)
T5838 001:060.894 - 0.272ms returns 0
T5838 001:060.909 JLINK_CORESIGHT_WriteAPDPReg(AP reg 0x01, 0x80011140)
T5838 001:061.092 - 0.183ms returns 0
T5838 001:061.107 JLINK_CORESIGHT_ReadAPDPReg(AP reg 0x03)
T5838 001:061.394   Value=0x00000002
T5838 001:061.407 - 0.300ms returns 0
T5838 001:061.416 JLINK_CORESIGHT_ReadAPDPReg(AP reg 0x03)
T5838 001:061.642   Value=0x00000002
T5838 001:061.655 - 0.239ms returns 0
T5838 001:061.664 JLINK_CORESIGHT_ReadAPDPReg(AP reg 0x03)
T5838 001:061.892   Value=0x00000000
T5838 001:061.905 - 0.241ms returns 0
T5838 001:061.914 JLINK_CORESIGHT_WriteAPDPReg(AP reg 0x00, 0x80000002)
T5838 001:062.211 - 0.297ms returns 0
T5838 001:062.224 JLINK_CORESIGHT_WriteAPDPReg(AP reg 0x01, 0x80011130)
T5838 001:062.389 - 0.165ms returns 0
T5838 001:062.402 JLINK_CORESIGHT_ReadAPDPReg(AP reg 0x03)
T5838 001:062.753   Value=0x4F0B0081
T5838 001:062.766 - 0.363ms returns 0
T5838 001:062.774 JLINK_CORESIGHT_WriteAPDPReg(AP reg 0x00, 0x80000002)
T5838 001:062.965 - 0.190ms returns 0
T5838 001:062.979 JLINK_CORESIGHT_WriteAPDPReg(AP reg 0x01, 0x80011140)
T5838 001:063.212 - 0.233ms returns 0
T5838 001:063.226 JLINK_CORESIGHT_ReadAPDPReg(AP reg 0x03)
T5838 001:063.466   Value=0x00000000
T5838 001:063.479 - 0.253ms returns 0
T5838 001:063.489 JLINK_CORESIGHT_WriteAPDPReg(AP reg 0x00, 0x80000002)
T5838 001:063.682 - 0.193ms returns 0
T5838 001:063.695 JLINK_CORESIGHT_WriteAPDPReg(AP reg 0x01, 0x80011130)
T5838 001:063.861 - 0.165ms returns 0
T5838 001:063.874 JLINK_CORESIGHT_ReadAPDPReg(AP reg 0x03)
T5838 001:064.114   Value=0x40000000
T5838 001:064.128 - 0.253ms returns 0
T5838 001:064.137 JLINK_CORESIGHT_WriteAPDPReg(AP reg 0x00, 0x80000002)
T5838 001:064.320 - 0.183ms returns 0
T5838 001:064.334 JLINK_CORESIGHT_WriteAPDPReg(AP reg 0x01, 0x80011140)
T5838 001:064.502 - 0.168ms returns 0
T5838 001:064.535 JLINK_CORESIGHT_ReadAPDPReg(AP reg 0x03)
T5838 001:064.780   Value=0x00000000
T5838 001:064.797 - 0.262ms returns 0
T5838 001:064.807 JLINK_CORESIGHT_WriteAPDPReg(AP reg 0x00, 0x80000002)
T5838 001:065.012 - 0.205ms returns 0
T5838 001:065.027 JLINK_CORESIGHT_WriteAPDPReg(AP reg 0x01, 0x80011130)
T5838 001:065.236 - 0.208ms returns 0
T5838 001:065.250 JLINK_CORESIGHT_ReadAPDPReg(AP reg 0x03)
T5838 001:065.496   Value=0x00000000
T5838 001:065.510 - 0.260ms returns 0
T5838 001:065.539 JLINK_CORESIGHT_WriteAPDPReg(AP reg 0x00, 0x80000002)
T5838 001:065.724 - 0.185ms returns 0
T5838 001:065.737 JLINK_CORESIGHT_WriteAPDPReg(AP reg 0x01, 0x80011140)
T5838 001:065.903 - 0.165ms returns 0
T5838 001:065.916 JLINK_CORESIGHT_ReadAPDPReg(AP reg 0x03)
T5838 001:066.133   Value=0x00000000
T5838 001:066.146 - 0.230ms returns 0
T5838 001:066.155 JLINK_CORESIGHT_WriteAPDPReg(AP reg 0x00, 0x80000002)
T5838 001:066.333 - 0.177ms returns 0
T5838 001:066.347 JLINK_CORESIGHT_WriteAPDPReg(AP reg 0x01, 0x80011130)
T5838 001:066.543 - 0.196ms returns 0
T5838 001:066.559 JLINK_CORESIGHT_ReadAPDPReg(AP reg 0x03)
T5838 001:066.784   Value=0x03660000
T5838 001:066.816 - 0.257ms returns 0
T5838 001:066.832 JLINK_CORESIGHT_ReadAPDPReg(DP reg 0x01)
T5838 001:067.067   Value=0xF0000F40
T5838 001:067.091 - 0.259ms returns 0
T5838 001:067.106 JLINK_CORESIGHT_WriteAPDPReg(DP reg 0x01, 0xA0000F40)
T5838 001:067.348 - 0.241ms returns 0
T5838 001:067.376 JLINK_CORESIGHT_ReadAPDPReg(DP reg 0x01)
T5838 001:067.638   Value=0x00000F40
T5838 001:067.668 - 0.291ms returns 0
T5838 001:067.699 JLINK_ClrRESET()
T5838 001:067.940 - 0.240ms 
T5838 001:169.482 JLINK_Close()
T5838 001:185.224 - 15.740ms
T5838 001:185.272   
T5838 001:185.282   Closed
